
Hexadecimal

Area                               Addr   Size   Decimal Bytes (Attributes)
--------------------------------   ----   ----   ------- ----- ------------
CABS                               0000   0000 =      0. bytes (ABS,CON,CODE)

      Value  Global
   --------  --------------------------------
  0C:FFFFFF00    s_BSEG
  0C:0000    l_BIT_BANK
  0C:0000    l_BSEG
  0C:0000    l_BSEG_BYTES
  0C:0000    l_CABS
  0C:0000    l_CONST
  0C:0000    l_GSINIT1
  0C:0000    l_GSINIT5
  0C:0000    l_IABS
  0C:0000    l_ISEG
  0C:0000    l_PSEG
  0C:0000    l_REG_BANK_1
  0C:0000    l_REG_BANK_2
  0C:0000    l_REG_BANK_3
  0C:0000    l_RSEG
  0C:0000    l_XABS
  0C:0000    l_XINIT
  0C:0000    l_XISEG
  0C:0000    l_XSEG
  0C:0000    l__CODE
  0C:0000    s_BSEG_BYTES
  0C:0000    s_CABS
  0C:0000    s_DSEG
  0C:0000    s_HOME
  0C:0000    s_IABS
  0C:0000    s_ISEG
  0C:0000    s_PSEG
  0C:0000    s_REG_BANK_0
  0C:0000    s_XABS
  0C:0000    s_XISEG
  0C:0000    s_XSEG
  0C:0002    l_OSEG
  0C:0003    l_GSFINAL
  0C:0003    l_GSINIT0
  0C:0008    l_HOME
  0C:0008    l_REG_BANK_0
  0C:0008    s_GSINIT0
  0C:0008    s_REG_BANK_1
  0C:000A    l_GSINIT2
  0C:000B    s_GSINIT1
  0C:000B    s_GSINIT2
  0C:0010    s_REG_BANK_2
  0C:0015    s_GSINIT3
  0C:0018    s_BIT_BANK
  0C:0018    s_REG_BANK_3
  0C:0020    s__CODE
  0C:0022    l_GSINIT3
  0C:002A    l_GSINIT4
  0C:002A    s_OSEG
  0C:002C    s_RSEG
  0C:002C    s_SSEG
  0C:002F    l_GSINIT
  0C:0037    s_GSINIT4
  0C:0054    l_SSEG
  0C:0061    s_GSINIT
  0C:0061    s_GSINIT5
  0C:0080    l_DSEG
  0C:0080    l_IRAM
  0C:0090    s_GSFINAL
  0C:0093    s_CSEG
  0C:0374    l_CSEG
  0C:0407    s_CONST
  0C:0407    s_XINIT



Hexadecimal

Area                               Addr   Size   Decimal Bytes (Attributes)
--------------------------------   ----   ----   ------- ----- ------------
.  .ABS.                           0000   0000 =      0. bytes (ABS,CON)

      Value  Global
   --------  --------------------------------
     0080    G$P0$0$0
     0080    G$P0_0$0$0
     0080    _P0
     0080    _P0_0
     0081    G$P0_1$0$0
     0081    G$SP$0$0
     0081    _P0_1
     0081    _SP
     0082    G$DPL$0$0
     0082    G$P0_2$0$0
     0082    _DPL
     0082    _P0_2
     0083    G$DPH$0$0
     0083    G$P0_3$0$0
     0083    _DPH
     0083    _P0_3
     0084    G$P0_4$0$0
     0084    _P0_4
     0085    G$P0_5$0$0
     0085    _P0_5
     0086    G$P0_6$0$0
     0086    _P0_6
     0087    G$P0_7$0$0
     0087    G$PCON$0$0
     0087    _P0_7
     0087    _PCON
     0088    G$IT0$0$0
     0088    G$TCON$0$0
     0088    _IT0
     0088    _TCON
     0089    G$IE0$0$0
     0089    G$TMOD$0$0
     0089    _IE0
     0089    _TMOD
     008A    G$IT1$0$0
     008A    G$TL0$0$0
     008A    _IT1
     008A    _TL0
     008B    G$IE1$0$0
     008B    G$TL1$0$0
     008B    _IE1
     008B    _TL1
     008C    G$TH0$0$0
     008C    G$TR0$0$0
     008C    _TH0
     008C    _TR0
     008D    G$TF0$0$0
     008D    G$TH1$0$0
     008D    _TF0
     008D    _TH1
     008E    G$TR1$0$0
     008E    _TR1
     008F    G$TF1$0$0
     008F    _TF1
     0090    G$P1$0$0
     0090    G$P1_0$0$0
     0090    _P1
     0090    _P1_0
     0091    G$P1_1$0$0
     0091    _P1_1
     0092    G$P1_2$0$0
     0092    _P1_2
     0093    G$P1_3$0$0
     0093    _P1_3
     0094    G$P1_4$0$0
     0094    _P1_4
     0095    G$P1_5$0$0
     0095    _P1_5
     0096    G$P1_6$0$0
     0096    _P1_6
     0097    G$P1_7$0$0
     0097    _P1_7
     0098    G$RI$0$0
     0098    G$SCON$0$0
     0098    _RI
     0098    _SCON
     0099    G$SBUF$0$0
     0099    G$TI$0$0
     0099    _SBUF
     0099    _TI
     009A    G$RB8$0$0
     009A    _RB8
     009B    G$TB8$0$0
     009B    _TB8
     009C    G$REN$0$0
     009C    _REN
     009D    G$SM2$0$0
     009D    _SM2
     009E    G$SM1$0$0
     009E    _SM1
     009F    G$SM0$0$0
     009F    _SM0
     00A0    G$P2$0$0
     00A0    G$P2_0$0$0
     00A0    _P2
     00A0    _P2_0
     00A0    __XPAGE
     00A1    G$P2_1$0$0
     00A1    _P2_1
     00A2    G$P2_2$0$0
     00A2    _P2_2
     00A3    G$P2_3$0$0
     00A3    _P2_3
     00A4    G$P2_4$0$0
     00A4    _P2_4
     00A5    G$P2_5$0$0
     00A5    _P2_5
     00A6    G$P2_6$0$0
     00A6    _P2_6
     00A7    G$P2_7$0$0
     00A7    _P2_7
     00A8    G$EX0$0$0
     00A8    G$IE$0$0
     00A8    _EX0
     00A8    _IE
     00A9    G$ET0$0$0
     00A9    _ET0
     00AA    G$EX1$0$0
     00AA    _EX1
     00AB    G$ET1$0$0
     00AB    _ET1
     00AC    G$ES$0$0
     00AC    _ES
     00AF    G$EA$0$0
     00AF    _EA
     00B0    G$P3$0$0
     00B0    G$P3_0$0$0
     00B0    G$RXD$0$0
     00B0    _P3
     00B0    _P3_0
     00B0    _RXD
     00B1    G$P3_1$0$0
     00B1    G$TXD$0$0
     00B1    _P3_1
     00B1    _TXD
     00B2    G$INT0$0$0
     00B2    G$P3_2$0$0
     00B2    _INT0
     00B2    _P3_2
     00B3    G$INT1$0$0
     00B3    G$P3_3$0$0
     00B3    _INT1
     00B3    _P3_3
     00B4    G$P3_4$0$0
     00B4    G$T0$0$0
     00B4    _P3_4
     00B4    _T0
     00B5    G$P3_5$0$0
     00B5    G$T1$0$0
     00B5    _P3_5
     00B5    _T1
     00B6    G$P3_6$0$0
     00B6    G$WR$0$0
     00B6    _P3_6
     00B6    _WR
     00B7    G$P3_7$0$0
     00B7    G$RD$0$0
     00B7    _P3_7
     00B7    _RD
     00B8    G$IP$0$0
     00B8    G$PX0$0$0
     00B8    _IP
     00B8    _PX0
     00B9    G$PT0$0$0
     00B9    _PT0
     00BA    G$PX1$0$0
     00BA    _PX1
     00BB    G$PT1$0$0
     00BB    _PT1
     00BC    G$PS$0$0
     00BC    _PS
     00D0    G$P$0$0
     00D0    G$PSW$0$0
     00D0    _P
     00D0    _PSW
     00D1    G$F1$0$0
     00D1    _F1
     00D2    G$OV$0$0
     00D2    _OV
     00D3    G$RS0$0$0
     00D3    _RS0
     00D4    G$RS1$0$0
     00D4    _RS1
     00D5    G$F0$0$0
     00D5    _F0
     00D6    G$AC$0$0
     00D6    _AC
     00D7    G$CY$0$0
     00D7    _CY
     00E0    G$ACC$0$0
     00E0    _ACC
     00F0    G$B$0$0
     00F0    _B









Hexadecimal

Area                               Addr   Size   Decimal Bytes (Attributes)
--------------------------------   ----   ----   ------- ----- ------------
DSEG                               0000   0080 =    128. bytes (REL,CON)

      Value  Global
   --------  --------------------------------
     0008    G$RUNNING$0$0
     0008    _RUNNING
     0009    G$NUMBER_OF_DIGITS$0$0
     0009    _NUMBER_OF_DIGITS
     000A    G$NUMBERS$0$0
     000A    _NUMBERS
     0014    G$cycle_delay$0$0
     0014    _cycle_delay
     0018    G$cycle_duration$0$0
     0018    _cycle_duration
     001C    G$BUTTON_START$0$0
     001C    _BUTTON_START
     001D    G$BUTTON_ERROR$0$0
     001D    _BUTTON_ERROR
     001E    G$seconds_left$0$0
     001E    _seconds_left
     0020    Lwrite_segment$value$1$1
     0020    _write_segment_PARM_2
     0021    Lget_digit$place$1$1
     0021    _get_digit_PARM_2
     0022    Lget_digit$powers$1$1

Hexadecimal

Area                               Addr   Size   Decimal Bytes (Attributes)
--------------------------------   ----   ----   ------- ----- ------------
OSEG                               002A   0002 =      2. bytes (REL,OVR)

      Value  Global
   --------  --------------------------------
     002A    __divsint_PARM_2
     002A    __divuint_PARM_2
     002A    __modsint_PARM_2
     002A    __moduint_PARM_2


Hexadecimal

Area                               Addr   Size   Decimal Bytes (Attributes)
--------------------------------   ----   ----   ------- ----- ------------
SSEG                               002C   0054 =     84. bytes (REL,OVR)

      Value  Global
   --------  --------------------------------
     002C    __start__stack





Hexadecimal

Area                               Addr   Size   Decimal Bytes (Attributes)
--------------------------------   ----   ----   ------- ----- ------------
HOME                               0000   0008 =      8. bytes (REL,CON,CODE)

      Value  Global
   --------  --------------------------------
  0C:0000    A$main$429
  0C:0003    A$main$486
  0C:0003    __sdcc_program_startup
  0C:0006    A$main$488

Hexadecimal

Area                               Addr   Size   Decimal Bytes (Attributes)
--------------------------------   ----   ----   ------- ----- ------------
GSINIT0                            0008   0003 =      3. bytes (REL,CON,CODE)

      Value  Global
   --------  --------------------------------
  0C:0008    __sdcc_gsinit_startup



Hexadecimal

Area                               Addr   Size   Decimal Bytes (Attributes)
--------------------------------   ----   ----   ------- ----- ------------
GSINIT3                            0015   0022 =     34. bytes (REL,CON,CODE)

      Value  Global
   --------  --------------------------------
  0C:0015    __mcs51_genXINIT

Hexadecimal

Area                               Addr   Size   Decimal Bytes (Attributes)
--------------------------------   ----   ----   ------- ----- ------------
GSINIT4                            0037   002A =     42. bytes (REL,CON,CODE)

      Value  Global
   --------  --------------------------------
  0C:0037    __mcs51_genRAMCLEAR
  0C:003D    __mcs51_genXRAMCLEAR


Hexadecimal

Area                               Addr   Size   Decimal Bytes (Attributes)
--------------------------------   ----   ----   ------- ----- ------------
GSINIT                             0061   002F =     47. bytes (REL,CON,CODE)

      Value  Global
   --------  --------------------------------
  0C:0061    A$main$446
  0C:0061    C$main.c$18$1$1
  0C:0064    A$main$450
  0C:0064    C$main.c$23$1$1
  0C:0067    A$main$454
  0C:0067    C$main.c$26$1$1
  0C:006A    A$main$455
  0C:006D    A$main$456
  0C:0070    A$main$457
  0C:0073    A$main$458
  0C:0076    A$main$459
  0C:0079    A$main$460
  0C:007C    A$main$461
  0C:007F    A$main$462
  0C:0082    A$main$463
  0C:0085    A$main$467
  0C:0085    C$main.c$34$1$1
  0C:0088    A$main$471
  0C:0088    C$main.c$37$1$1
  0C:008B    A$main$475
  0C:008B    C$main.c$44$1$1
  0C:008C    A$main$476
  0C:008E    A$main$477

Hexadecimal

Area                               Addr   Size   Decimal Bytes (Attributes)
--------------------------------   ----   ----   ------- ----- ------------
GSFINAL                            0090   0003 =      3. bytes (REL,CON,CODE)

      Value  Global
   --------  --------------------------------
  0C:0090    A$main$479

Hexadecimal

Area                               Addr   Size   Decimal Bytes (Attributes)
--------------------------------   ----   ----   ------- ----- ------------
CSEG                               0093   0374 =    884. bytes (REL,CON,CODE)

      Value  Global
   --------  --------------------------------
  0C:0093    A$main$516
  0C:0093    C$main.c$60$0$0
  0C:0093    C$main.c$62$1$0
  0C:0093    G$GetNumberFromMatrixKeypad$0$0
  0C:0093    _GetNumberFromMatrixKeypad
  0C:0095    A$main$517
  0C:0097    A$main$520
  0C:0097    C$main.c$63$1$1
  0C:009A    A$main$523
  0C:009A    C$main.c$64$1$1
  0C:009C    A$main$524
  0C:009F    A$main$525
  0C:00A1    A$main$527
  0C:00A4    A$main$528
  0C:00A6    A$main$530
  0C:00A9    A$main$531
  0C:00AB    A$main$533
  0C:00AE    A$main$536
  0C:00AE    C$main.c$66$2$2
  0C:00B0    A$main$539
  0C:00B0    C$main.c$67$2$2
  0C:00B2    A$main$541
  0C:00B4    A$main$544
  0C:00B4    C$main.c$68$2$2
  0C:00B6    A$main$546
  0C:00B8    A$main$549
  0C:00B8    C$main.c$69$2$2
  0C:00BA    A$main$551
  0C:00BC    A$main$557
  0C:00BC    C$main.c$71$1$1
  0C:00BC    C$main.c$73$1$1
  0C:00BF    A$main$560
  0C:00BF    C$main.c$74$1$1
  0C:00C1    A$main$561
  0C:00C4    A$main$562
  0C:00C6    A$main$564
  0C:00C9    A$main$565
  0C:00CB    A$main$567
  0C:00CE    A$main$568
  0C:00D0    A$main$570
  0C:00D3    A$main$573
  0C:00D3    C$main.c$76$2$3
  0C:00D5    A$main$576
  0C:00D5    C$main.c$77$2$3
  0C:00D7    A$main$578
  0C:00D9    A$main$581
  0C:00D9    C$main.c$78$2$3
  0C:00DB    A$main$583
  0C:00DD    A$main$586
  0C:00DD    C$main.c$79$2$3
  0C:00DF    A$main$588
  0C:00E1    A$main$594
  0C:00E1    C$main.c$81$1$1
  0C:00E1    C$main.c$83$1$1
  0C:00E2    A$main$595
  0C:00E5    A$main$596
  0C:00E6    A$main$598
  0C:00E7    A$main$599
  0C:00E9    A$main$600
  0C:00EC    A$main$603
  0C:00EC    C$main.c$84$1$1
  0C:00EF    A$main$604
  0C:00F0    A$main$608
  0C:00F0    C$main.c$85$1$1
  0C:00F1    A$main$609
  0C:00F4    A$main$610
  0C:00F5    A$main$612
  0C:00F6    A$main$613
  0C:00F8    A$main$614
  0C:00FB    A$main$617
  0C:00FB    C$main.c$86$1$1
  0C:00FE    A$main$618
  0C:00FF    A$main$622
  0C:00FF    C$main.c$87$1$1
  0C:0100    A$main$623
  0C:0103    A$main$624
  0C:0104    A$main$626
  0C:0105    A$main$627
  0C:0107    A$main$628
  0C:010A    A$main$631
  0C:010A    C$main.c$88$1$1
  0C:010D    A$main$632
  0C:010E    A$main$636
  0C:010E    C$main.c$89$1$1
  0C:010F    A$main$637
  0C:0112    A$main$638
  0C:0113    A$main$640
  0C:0114    A$main$641
  0C:0116    A$main$642
  0C:0119    A$main$645
  0C:0119    C$main.c$90$1$1
  0C:011C    A$main$646
  0C:011D    A$main$650
  0C:011D    C$main.c$91$1$1
  0C:011E    A$main$651
  0C:0120    A$main$652
  0C:0123    A$main$655
  0C:0123    C$main.c$92$1$1
  0C:0126    A$main$656
  0C:0127    A$main$660
  0C:0127    C$main.c$93$1$1
  0C:0128    A$main$661
  0C:012A    A$main$662
  0C:012D    A$main$665
  0C:012D    C$main.c$94$1$1
  0C:0130    A$main$666
  0C:0131    A$main$670
  0C:0131    C$main.c$95$1$1
  0C:0132    A$main$671
  0C:0134    A$main$672
  0C:0137    A$main$675
  0C:0137    C$main.c$96$1$1
  0C:013A    A$main$676
  0C:013B    A$main$680
  0C:013B    C$main.c$97$1$1
  0C:013C    A$main$681
  0C:013E    A$main$682
  0C:0141    A$main$685
  0C:0141    C$main.c$98$1$1
  0C:0144    A$main$686
  0C:0145    A$main$690
  0C:0145    C$main.c$99$1$1
  0C:0146    A$main$691
  0C:0148    A$main$692
  0C:014B    A$main$695
  0C:014B    C$main.c$100$1$1
  0C:014E    A$main$696
  0C:014F    A$main$700
  0C:014F    C$main.c$101$1$1
  0C:0150    A$main$701
  0C:0152    A$main$702
  0C:0155    A$main$705
  0C:0155    C$main.c$102$1$1
  0C:0158    A$main$706
  0C:0159    A$main$710
  0C:0159    C$main.c$103$1$1
  0C:015A    A$main$711
  0C:015C    A$main$712
  0C:015F    A$main$715
  0C:015F    C$main.c$104$1$1
  0C:0162    A$main$716
  0C:0163    A$main$720
  0C:0163    C$main.c$105$1$1
  0C:0164    A$main$721
  0C:0166    A$main$722
  0C:0169    A$main$725
  0C:0169    C$main.c$106$1$1
  0C:016C    A$main$726
  0C:016D    A$main$730
  0C:016D    C$main.c$107$1$1
  0C:016E    A$main$731
  0C:0170    A$main$732
  0C:0173    A$main$735
  0C:0173    C$main.c$108$1$1
  0C:0176    A$main$736
  0C:0177    A$main$740
  0C:0177    C$main.c$109$1$1
  0C:0178    A$main$741
  0C:017A    A$main$742
  0C:017D    A$main$745
  0C:017D    C$main.c$110$1$1
  0C:0180    A$main$746
  0C:0181    A$main$750
  0C:0181    C$main.c$111$1$1
  0C:0182    A$main$751
  0C:0184    A$main$752
  0C:0187    A$main$755
  0C:0187    C$main.c$112$1$1
  0C:018A    A$main$756
  0C:018B    A$main$760
  0C:018B    C$main.c$113$1$1
  0C:018C    A$main$761
  0C:018E    A$main$762
  0C:0191    A$main$765
  0C:0191    C$main.c$114$1$1
  0C:0194    A$main$770
  0C:0194    C$main.c$116$1$1
  0C:0194    C$main.c$117$1$1
  0C:0194    XG$GetNumberFromMatrixKeypad$0$0
  0C:0195    A$main$772
  0C:0198    A$main$773
  0C:0199    A$main$787
  0C:0199    C$main.c$123$1$1
  0C:0199    C$main.c$124$1$1
  0C:0199    G$reset_display$0$0
  0C:0199    _reset_display
  0C:019B    A$main$790
  0C:019B    C$main.c$125$1$1
  0C:019D    A$main$793
  0C:019D    C$main.c$126$1$1
  0C:019F    A$main$796
  0C:019F    C$main.c$127$1$1
  0C:01A1    A$main$799
  0C:01A1    C$main.c$128$1$1
  0C:01A1    XG$reset_display$0$0
  0C:01A2    A$main$813
  0C:01A2    C$main.c$136$1$1
  0C:01A2    G$write_segment$0$0
  0C:01A2    _write_segment
  0C:01A4    A$main$816
  0C:01A4    C$main.c$138$1$1
  0C:01A6    A$main$817
  0C:01A9    A$main$818
  0C:01AB    A$main$821
  0C:01AB    C$main.c$141$1$1
  0C:01AD    A$main$822
  0C:01AF    A$main$823
  0C:01B0    A$main$824
  0C:01B2    A$main$827
  0C:01B2    C$main.c$144$1$1
  0C:01B3    A$main$828
  0C:01B5    A$main$829
  0C:01B7    A$main$830
  0C:01B8    A$main$831
  0C:01B9    A$main$832
  0C:01BA    A$main$833
  0C:01BD    A$main$834
  0C:01BE    A$main$836
  0C:01C1    A$main$837
  0C:01C4    A$main$838
  0C:01C7    A$main$839
  0C:01CA    A$main$845
  0C:01CA    C$main.c$145$2$2
  0C:01CA    C$main.c$146$2$2
  0C:01CC    A$main$848
  0C:01CC    C$main.c$147$2$2
  0C:01CE    A$main$851
  0C:01CE    C$main.c$148$2$2
  0C:01D0    A$main$854
  0C:01D0    C$main.c$149$2$2
  0C:01D2    A$main$859
  0C:01D2    C$main.c$150$2$2
  0C:01D2    C$main.c$151$2$2
  0C:01D3    A$main$863
  0C:01D3    C$main.c$152$2$2
  0C:01D5    A$main$866
  0C:01D5    C$main.c$153$2$2
  0C:01D7    A$main$869
  0C:01D7    C$main.c$154$2$2
  0C:01D9    A$main$872
  0C:01D9    C$main.c$155$2$2
  0C:01DB    A$main$877
  0C:01DB    C$main.c$156$2$2
  0C:01DB    C$main.c$157$2$2
  0C:01DC    A$main$881
  0C:01DC    C$main.c$158$2$2
  0C:01DE    A$main$884
  0C:01DE    C$main.c$159$2$2
  0C:01E0    A$main$887
  0C:01E0    C$main.c$160$2$2
  0C:01E2    A$main$890
  0C:01E2    C$main.c$161$2$2
  0C:01E4    A$main$895
  0C:01E4    C$main.c$162$2$2
  0C:01E4    C$main.c$163$2$2
  0C:01E5    A$main$899
  0C:01E5    C$main.c$164$2$2
  0C:01E7    A$main$902
  0C:01E7    C$main.c$165$2$2
  0C:01E9    A$main$905
  0C:01E9    C$main.c$166$2$2
  0C:01EB    A$main$908
  0C:01EB    C$main.c$167$2$2
  0C:01ED    A$main$914
  0C:01ED    C$main.c$168$1$1
  0C:01ED    C$main.c$169$1$1
  0C:01ED    XG$write_segment$0$0
  0C:01EE    A$main$929
  0C:01EE    C$main.c$178$1$1
  0C:01EE    G$get_digit$0$0
  0C:01EE    _get_digit
  0C:01F0    A$main$930
  0C:01F2    A$main$933
  0C:01F2    C$main.c$181$1$1
  0C:01F5    A$main$934
  0C:01F8    A$main$935
  0C:01FB    A$main$936
  0C:01FE    A$main$937
  0C:0201    A$main$938
  0C:0204    A$main$939
  0C:0207    A$main$940
  0C:020A    A$main$943
  0C:020A    C$main.c$184$1$1
  0C:020B    A$main$944
  0C:020C    A$main$945
  0C:020E    A$main$946
  0C:020F    A$main$947
  0C:0211    A$main$948
  0C:0213    A$main$949
  0C:0215    A$main$950
  0C:0217    A$main$951
  0C:0219    A$main$954
  0C:0219    C$main.c$185$2$2
  0C:021C    A$main$955
  0C:021D    A$main$959
  0C:021D    C$main.c$186$1$1
  0C:021E    A$main$960
  0C:021F    A$main$961
  0C:0221    A$main$962
  0C:0222    A$main$963
  0C:0224    A$main$964
  0C:0226    A$main$965
  0C:0228    A$main$966
  0C:022A    A$main$967
  0C:022C    A$main$970
  0C:022C    C$main.c$187$2$3
  0C:022F    A$main$971
  0C:0230    A$main$975
  0C:0230    C$main.c$188$1$1
  0C:0231    A$main$976
  0C:0232    A$main$977
  0C:0234    A$main$978
  0C:0235    A$main$979
  0C:0237    A$main$980
  0C:0239    A$main$981
  0C:023B    A$main$982
  0C:023D    A$main$983
  0C:023F    A$main$986
  0C:023F    C$main.c$189$2$4
  0C:0242    A$main$987
  0C:0243    A$main$991
  0C:0243    C$main.c$192$1$1
  0C:0245    A$main$992
  0C:0247    A$main$993
  0C:0249    A$main$994
  0C:024A    A$main$995
  0C:024C    A$main$996
  0C:024D    A$main$997
  0C:024F    A$main$998
  0C:0251    A$main$999
  0C:0253    A$main$1000
  0C:0256    A$main$1001
  0C:0258    A$main$1002
  0C:025A    A$main$1003
  0C:025D    A$main$1004
  0C:025E    A$main$1005
  0C:0260    A$main$1006
  0C:0262    A$main$1007
  0C:0264    A$main$1010
  0C:0264    C$main.c$193$1$1
  0C:0264    XG$get_digit$0$0
  0C:0267    A$main$1024
  0C:0267    C$main.c$200$1$1
  0C:0267    G$display$0$0
  0C:0267    _display
  0C:0269    A$main$1025
  0C:026B    A$main$1028
  0C:026D    A$main$1030
  0C:026E    A$main$1031
  0C:026F    A$main$1032
  0C:0271    A$main$1033
  0C:0273    A$main$1036
  0C:0273    C$main.c$206$2$2
  0C:0275    A$main$1037
  0C:0277    A$main$1038
  0C:0279    A$main$1039
  0C:027B    A$main$1040
  0C:027D    A$main$1041
  0C:027F    A$main$1042
  0C:0282    A$main$1043
  0C:0284    A$main$1044
  0C:0286    A$main$1045
  0C:0288    A$main$1046
  0C:028A    A$main$1047
  0C:028C    A$main$1048
  0C:028F    A$main$1049
  0C:0291    A$main$1050
  0C:0293    A$main$1051
  0C:0295    A$main$1054
  0C:0295    C$main.c$205$1$1
  0C:0296    A$main$1055
  0C:0298    A$main$1059
  0C:0298    C$main.c$208$1$1
  0C:0298    XG$display$0$0
  0C:0299    A$main$1073
  0C:0299    C$main.c$214$1$1
  0C:0299    C$main.c$215$1$1
  0C:0299    G$bounce_delay$0$0
  0C:0299    _bounce_delay
  0C:029C    A$main$1074
  0C:029D    A$main$1075
  0C:029F    A$main$1076
  0C:02A1    A$main$1077
  0C:02A3    A$main$1079
  0C:02A5    A$main$1080
  0C:02A7    A$main$1081
  0C:02AA    A$main$1082
  0C:02AC    A$main$1083
  0C:02AF    A$main$1084
  0C:02B1    A$main$1085
  0C:02B4    A$main$1086
  0C:02B6    A$main$1088
  0C:02B8    A$main$1089
  0C:02BA    A$main$1090
  0C:02BC    A$main$1091
  0C:02BE    A$main$1092
  0C:02C0    A$main$1093
  0C:02C3    A$main$1094
  0C:02C4    A$main$1095
  0C:02C6    A$main$1096
  0C:02C8    A$main$1097
  0C:02CA    A$main$1100
  0C:02CA    C$main.c$216$1$1
  0C:02CA    XG$bounce_delay$0$0
  0C:02CB    A$main$1114
  0C:02CB    C$main.c$223$1$1
  0C:02CB    C$main.c$225$1$1
  0C:02CB    G$check_start_press$0$0
  0C:02CB    _check_start_press
  0C:02CE    A$main$1115
  0C:02D1    A$main$1118
  0C:02D1    C$main.c$227$2$2
  0C:02D4    A$main$1121
  0C:02D4    C$main.c$228$2$2
  0C:02D7    A$main$1122
  0C:02DA    A$main$1125
  0C:02DA    C$main.c$229$3$3
  0C:02DD    A$main$1126
  0C:02E0    A$main$1129
  0C:02E0    C$main.c$236$3$3
  0C:02E1    A$main$1130
  0C:02E3    A$main$1131
  0C:02E5    A$main$1132
  0C:02E7    A$main$1133
  0C:02E9    A$main$1135
  0C:02EA    A$main$1136
  0C:02EC    A$main$1137
  0C:02EE    A$main$1138
  0C:02F0    A$main$1139
  0C:02F2    A$main$1140
  0C:02F4    A$main$1141
  0C:02F6    A$main$1142
  0C:02F8    A$main$1143
  0C:02FA    A$main$1144
  0C:02FC    A$main$1145
  0C:02FE    A$main$1146
  0C:02FF    A$main$1147
  0C:0302    A$main$1148
  0C:0304    A$main$1149
  0C:0307    A$main$1150
  0C:0309    A$main$1151
  0C:030C    A$main$1152
  0C:030E    A$main$1153
  0C:0310    A$main$1159
  0C:0310    C$main.c$240$2$4
  0C:0310    C$main.c$242$1$1
  0C:0310    XG$check_start_press$0$0
  0C:0313    A$main$1161
  0C:0314    A$main$1175
  0C:0314    C$main.c$246$1$1
  0C:0314    C$main.c$247$1$1
  0C:0314    G$init$0$0
  0C:0314    _init
  0C:0317    A$main$1178
  0C:0317    C$main.c$249$1$1
  0C:031A    A$main$1179
  0C:031B    A$main$1180
  0C:031D    A$main$1181
  0C:031F    A$main$1182
  0C:0321    A$main$1185
  0C:0321    C$main.c$250$1$1
  0C:0321    XG$init$0$0
  0C:0322    A$main$1198
  0C:0322    C$main.c$259$1$1
  0C:0322    G$set_time$0$0
  0C:0322    _set_time
  0C:0324    A$main$1201
  0C:0324    C$main.c$260$1$1
  0C:0326    A$main$1202
  0C:0329    A$main$1205
  0C:0329    C$main.c$261$1$1
  0C:0329    XG$set_time$0$0
  0C:032A    A$main$1219
  0C:032A    C$main.c$266$1$1
  0C:032A    C$main.c$273$1$1
  0C:032A    G$start$0$0
  0C:032A    _start
  0C:032D    A$main$1222
  0C:032D    C$main.c$274$1$1
  0C:032D    XG$start$0$0
  0C:032E    A$main$1238
  0C:032E    C$main.c$279$1$1
  0C:032E    C$main.c$281$1$1
  0C:032E    C$main.c$282$1$1
  0C:032E    G$stop$0$0
  0C:032E    _stop
  0C:032F    A$main$1239
  0C:0331    A$main$1240
  0C:0333    A$main$1241
  0C:0335    A$main$1244
  0C:0335    C$main.c$283$1$1
  0C:0337    A$main$1247
  0C:0337    C$main.c$284$1$1
  0C:0337    XG$stop$0$0
  0C:0338    A$main$1262
  0C:0338    C$main.c$289$1$1
  0C:0338    C$main.c$290$1$1
  0C:0338    G$process_key_press$0$0
  0C:0338    _process_key_press
  0C:033B    A$main$1265
  0C:033B    C$main.c$292$1$1
  0C:033D    A$main$1266
  0C:033E    A$main$1267
  0C:0341    A$main$1268
  0C:0343    A$main$1270
  0C:0344    A$main$1271
  0C:0346    A$main$1272
  0C:0348    A$main$1273
  0C:0349    A$main$1274
  0C:034C    A$main$1275
  0C:034E    A$main$1280
  0C:034E    C$main.c$293$2$2
  0C:034F    A$main$1284
  0C:034F    C$main.c$297$1$1
  0C:0351    A$main$1285
  0C:0353    A$main$1290
  0C:0353    C$main.c$298$2$3
  0C:0353    C$main.c$299$2$3
  0C:0356    A$main$1294
  0C:0356    C$main.c$302$1$1
  0C:0357    A$main$1295
  0C:035A    A$main$1298
  0C:035A    C$main.c$303$2$4
  0C:035D    A$main$1302
  0C:035D    C$main.c$305$2$5
  0C:035F    A$main$1305
  0C:035F    C$main.c$308$1$1
  0C:035F    XG$process_key_press$0$0
  0C:0362    A$main$1322
  0C:0362    C$main.c$313$1$1
  0C:0362    C$main.c$314$1$1
  0C:0362    C$main.c$315$1$1
  0C:0362    G$convert_seconds$0$0
  0C:0362    XG$convert_seconds$0$0
  0C:0362    _convert_seconds
  0C:0363    A$main$1336
  0C:0363    C$main.c$318$1$1
  0C:0363    C$main.c$319$1$1
  0C:0363    G$main$0$0
  0C:0363    _main
  0C:0366    A$main$1342
  0C:0366    C$main.c$321$1$1
  0C:0366    C$main.c$323$2$2
  0C:0369    A$main$1345
  0C:0369    C$main.c$326$2$2
  0C:036B    A$main$1346
  0C:036D    A$main$1349
  0C:036D    C$main.c$332$3$4
  0C:036F    A$main$1350
  0C:0371    A$main$1351
  0C:0373    A$main$1354
  0C:0373    C$main.c$333$4$5
  0C:0376    A$main$1358
  0C:0376    C$main.c$339$3$4
  0C:0378    A$main$1359
  0C:037A    A$main$1360
  0C:037D    A$main$1361
  0C:037F    A$main$1366
  0C:037F    C$main.c$345$2$2
  0C:0382    A$main$1367
  0C:0385    A$main$1368
  0C:0388    A$main$1369
  0C:038B    A$main$1372
  0C:038B    C$main.c$347$1$1
  0C:038B    XG$main$0$0
  0C:038D    __divuint
  0C:03B6    __moduint
  0C:0403    __sdcc_external_startup


ASxxxx Linker V01.75 + NoICE + SDCC Feb 1999,  page 1.

Files Linked      [ module(s) ]

main.rel        

Libraries Linked            [   object  file   ]

/usr/bin/../share/sdcc/lib/small/libint.lib    [     _divuint.rel ]
/usr/bin/../share/sdcc/lib/small/mcs51.lib    [     crtclear.rel ]
/usr/bin/../share/sdcc/lib/small/mcs51.lib    [     crtxinit.rel ]
/usr/bin/../share/sdcc/lib/small/libint.lib    [     _moduint.rel ]
/usr/bin/../share/sdcc/lib/small/mcs51.lib    [    crtxclear.rel ]
/usr/bin/../share/sdcc/lib/small/mcs51.lib    [   crtpagesfr.rel ]
/usr/bin/../share/sdcc/lib/small/mcs51.lib    [     crtstart.rel ]
/usr/bin/../share/sdcc/lib/small/libsdcc.lib    [     _startup.rel ]

ASxxxx Linker V01.75 + NoICE + SDCC Feb 1999,  page 2.

User Base Address Definitions

HOME = 0x0000
ISEG = 0x0000
BSEG = 0x0000

