
Hexadecimal

Area                               Addr   Size   Decimal Bytes (Attributes)
--------------------------------   ----   ----   ------- ----- ------------
CABS                               0000   0000 =      0. bytes (ABS,CON,CODE)

      Value  Global
   --------  --------------------------------
  0C:FFFFFF00    s_BSEG
  0C:0000    l_BIT_BANK
  0C:0000    l_BSEG
  0C:0000    l_BSEG_BYTES
  0C:0000    l_CABS
  0C:0000    l_CONST
  0C:0000    l_GSINIT1
  0C:0000    l_GSINIT5
  0C:0000    l_IABS
  0C:0000    l_ISEG
  0C:0000    l_OSEG
  0C:0000    l_PSEG
  0C:0000    l_REG_BANK_1
  0C:0000    l_REG_BANK_2
  0C:0000    l_REG_BANK_3
  0C:0000    l_RSEG
  0C:0000    l_XABS
  0C:0000    l_XINIT
  0C:0000    l_XISEG
  0C:0000    l_XSEG
  0C:0000    l__CODE
  0C:0000    s_BSEG_BYTES
  0C:0000    s_CABS
  0C:0000    s_DSEG
  0C:0000    s_HOME
  0C:0000    s_IABS
  0C:0000    s_ISEG
  0C:0000    s_PSEG
  0C:0000    s_REG_BANK_0
  0C:0000    s_XABS
  0C:0000    s_XISEG
  0C:0000    s_XSEG
  0C:0003    l_GSFINAL
  0C:0003    l_GSINIT0
  0C:0008    l_HOME
  0C:0008    l_REG_BANK_0
  0C:0008    s_GSINIT0
  0C:0008    s_REG_BANK_1
  0C:000A    l_GSINIT2
  0C:000B    s_GSINIT1
  0C:000B    s_GSINIT2
  0C:0010    s_REG_BANK_2
  0C:0015    s_GSINIT3
  0C:0018    s_BIT_BANK
  0C:0018    s_OSEG
  0C:0018    s_REG_BANK_3
  0C:001E    l_GSINIT
  0C:001F    s_RSEG
  0C:001F    s_SSEG
  0C:0020    s__CODE
  0C:0022    l_GSINIT3
  0C:002A    l_GSINIT4
  0C:0037    s_GSINIT4
  0C:0061    l_SSEG
  0C:0061    s_GSINIT
  0C:0061    s_GSINIT5
  0C:007F    s_GSFINAL
  0C:0080    l_DSEG
  0C:0080    l_IRAM
  0C:0082    s_CSEG
  0C:00C8    l_CSEG
  0C:014A    s_CONST
  0C:014A    s_XINIT



Hexadecimal

Area                               Addr   Size   Decimal Bytes (Attributes)
--------------------------------   ----   ----   ------- ----- ------------
.  .ABS.                           0000   0000 =      0. bytes (ABS,CON)

      Value  Global
   --------  --------------------------------
     0080    G$P0$0$0
     0080    G$P0_0$0$0
     0080    _P0
     0080    _P0_0
     0081    G$P0_1$0$0
     0081    G$SP$0$0
     0081    _P0_1
     0081    _SP
     0082    G$DPL$0$0
     0082    G$P0_2$0$0
     0082    _DPL
     0082    _P0_2
     0083    G$DPH$0$0
     0083    G$P0_3$0$0
     0083    _DPH
     0083    _P0_3
     0084    G$P0_4$0$0
     0084    _P0_4
     0085    G$P0_5$0$0
     0085    _P0_5
     0086    G$P0_6$0$0
     0086    _P0_6
     0087    G$P0_7$0$0
     0087    G$PCON$0$0
     0087    _P0_7
     0087    _PCON
     0088    G$IT0$0$0
     0088    G$TCON$0$0
     0088    _IT0
     0088    _TCON
     0089    G$IE0$0$0
     0089    G$TMOD$0$0
     0089    _IE0
     0089    _TMOD
     008A    G$IT1$0$0
     008A    G$TL0$0$0
     008A    _IT1
     008A    _TL0
     008B    G$IE1$0$0
     008B    G$TL1$0$0
     008B    _IE1
     008B    _TL1
     008C    G$TH0$0$0
     008C    G$TR0$0$0
     008C    _TH0
     008C    _TR0
     008D    G$TF0$0$0
     008D    G$TH1$0$0
     008D    _TF0
     008D    _TH1
     008E    G$TR1$0$0
     008E    _TR1
     008F    G$TF1$0$0
     008F    _TF1
     0090    G$P1$0$0
     0090    G$P1_0$0$0
     0090    _P1
     0090    _P1_0
     0091    G$P1_1$0$0
     0091    _P1_1
     0092    G$P1_2$0$0
     0092    _P1_2
     0093    G$P1_3$0$0
     0093    _P1_3
     0094    G$P1_4$0$0
     0094    _P1_4
     0095    G$P1_5$0$0
     0095    _P1_5
     0096    G$P1_6$0$0
     0096    _P1_6
     0097    G$P1_7$0$0
     0097    _P1_7
     0098    G$RI$0$0
     0098    G$SCON$0$0
     0098    _RI
     0098    _SCON
     0099    G$SBUF$0$0
     0099    G$TI$0$0
     0099    _SBUF
     0099    _TI
     009A    G$RB8$0$0
     009A    _RB8
     009B    G$TB8$0$0
     009B    _TB8
     009C    G$REN$0$0
     009C    _REN
     009D    G$SM2$0$0
     009D    _SM2
     009E    G$SM1$0$0
     009E    _SM1
     009F    G$SM0$0$0
     009F    _SM0
     00A0    G$P2$0$0
     00A0    G$P2_0$0$0
     00A0    _P2
     00A0    _P2_0
     00A0    __XPAGE
     00A1    G$P2_1$0$0
     00A1    _P2_1
     00A2    G$P2_2$0$0
     00A2    _P2_2
     00A3    G$P2_3$0$0
     00A3    _P2_3
     00A4    G$P2_4$0$0
     00A4    _P2_4
     00A5    G$P2_5$0$0
     00A5    _P2_5
     00A6    G$P2_6$0$0
     00A6    _P2_6
     00A7    G$P2_7$0$0
     00A7    _P2_7
     00A8    G$EX0$0$0
     00A8    G$IE$0$0
     00A8    _EX0
     00A8    _IE
     00A9    G$ET0$0$0
     00A9    _ET0
     00AA    G$EX1$0$0
     00AA    _EX1
     00AB    G$ET1$0$0
     00AB    _ET1
     00AC    G$ES$0$0
     00AC    _ES
     00AF    G$EA$0$0
     00AF    _EA
     00B0    G$P3$0$0
     00B0    G$P3_0$0$0
     00B0    G$RXD$0$0
     00B0    _P3
     00B0    _P3_0
     00B0    _RXD
     00B1    G$P3_1$0$0
     00B1    G$TXD$0$0
     00B1    _P3_1
     00B1    _TXD
     00B2    G$INT0$0$0
     00B2    G$P3_2$0$0
     00B2    _INT0
     00B2    _P3_2
     00B3    G$INT1$0$0
     00B3    G$P3_3$0$0
     00B3    _INT1
     00B3    _P3_3
     00B4    G$P3_4$0$0
     00B4    G$T0$0$0
     00B4    _P3_4
     00B4    _T0
     00B5    G$P3_5$0$0
     00B5    G$T1$0$0
     00B5    _P3_5
     00B5    _T1
     00B6    G$P3_6$0$0
     00B6    G$WR$0$0
     00B6    _P3_6
     00B6    _WR
     00B7    G$P3_7$0$0
     00B7    G$RD$0$0
     00B7    _P3_7
     00B7    _RD
     00B8    G$IP$0$0
     00B8    G$PX0$0$0
     00B8    _IP
     00B8    _PX0
     00B9    G$PT0$0$0
     00B9    _PT0
     00BA    G$PX1$0$0
     00BA    _PX1
     00BB    G$PT1$0$0
     00BB    _PT1
     00BC    G$PS$0$0
     00BC    _PS
     00D0    G$P$0$0
     00D0    G$PSW$0$0
     00D0    _P
     00D0    _PSW
     00D1    G$F1$0$0
     00D1    _F1
     00D2    G$OV$0$0
     00D2    _OV
     00D3    G$RS0$0$0
     00D3    _RS0
     00D4    G$RS1$0$0
     00D4    _RS1
     00D5    G$F0$0$0
     00D5    _F0
     00D6    G$AC$0$0
     00D6    _AC
     00D7    G$CY$0$0
     00D7    _CY
     00E0    G$ACC$0$0
     00E0    _ACC
     00F0    G$B$0$0
     00F0    _B









Hexadecimal

Area                               Addr   Size   Decimal Bytes (Attributes)
--------------------------------   ----   ----   ------- ----- ------------
DSEG                               0000   0080 =    128. bytes (REL,CON)

      Value  Global
   --------  --------------------------------
     0008    G$free_slots$0$0
     0008    _free_slots
     0009    G$MAX_SLOTS$0$0
     0009    _MAX_SLOTS
     000B    G$NUMBERS$0$0
     000B    _NUMBERS
     0015    G$cycle_delay$0$0
     0015    _cycle_delay
     0019    G$cycle_duration$0$0
     0019    _cycle_duration
     001D    Lwrite_segment$value$1$1
     001D    _write_segment_PARM_2
     001E    Lget_digit$place$1$1
     001E    _get_digit_PARM_2



Hexadecimal

Area                               Addr   Size   Decimal Bytes (Attributes)
--------------------------------   ----   ----   ------- ----- ------------
SSEG                               001F   0061 =     97. bytes (REL,OVR)

      Value  Global
   --------  --------------------------------
     001F    __start__stack





Hexadecimal

Area                               Addr   Size   Decimal Bytes (Attributes)
--------------------------------   ----   ----   ------- ----- ------------
HOME                               0000   0008 =      8. bytes (REL,CON,CODE)

      Value  Global
   --------  --------------------------------
  0C:0000    A$main$407
  0C:0003    A$main$442
  0C:0003    __sdcc_program_startup
  0C:0006    A$main$444

Hexadecimal

Area                               Addr   Size   Decimal Bytes (Attributes)
--------------------------------   ----   ----   ------- ----- ------------
GSINIT0                            0008   0003 =      3. bytes (REL,CON,CODE)

      Value  Global
   --------  --------------------------------
  0C:0008    __sdcc_gsinit_startup



Hexadecimal

Area                               Addr   Size   Decimal Bytes (Attributes)
--------------------------------   ----   ----   ------- ----- ------------
GSINIT3                            0015   0022 =     34. bytes (REL,CON,CODE)

      Value  Global
   --------  --------------------------------
  0C:0015    __mcs51_genXINIT

Hexadecimal

Area                               Addr   Size   Decimal Bytes (Attributes)
--------------------------------   ----   ----   ------- ----- ------------
GSINIT4                            0037   002A =     42. bytes (REL,CON,CODE)

      Value  Global
   --------  --------------------------------
  0C:0037    __mcs51_genRAMCLEAR
  0C:003D    __mcs51_genXRAMCLEAR


Hexadecimal

Area                               Addr   Size   Decimal Bytes (Attributes)
--------------------------------   ----   ----   ------- ----- ------------
GSINIT                             0061   001E =     30. bytes (REL,CON,CODE)

      Value  Global
   --------  --------------------------------
  0C:0061    A$main$424
  0C:0061    C$main.c$27$1$1
  0C:0064    A$main$425
  0C:0067    A$main$426
  0C:006A    A$main$427
  0C:006D    A$main$428
  0C:0070    A$main$429
  0C:0073    A$main$430
  0C:0076    A$main$431
  0C:0079    A$main$432
  0C:007C    A$main$433

Hexadecimal

Area                               Addr   Size   Decimal Bytes (Attributes)
--------------------------------   ----   ----   ------- ----- ------------
GSFINAL                            007F   0003 =      3. bytes (REL,CON,CODE)

      Value  Global
   --------  --------------------------------
  0C:007F    A$main$435

Hexadecimal

Area                               Addr   Size   Decimal Bytes (Attributes)
--------------------------------   ----   ----   ------- ----- ------------
CSEG                               0082   00C8 =    200. bytes (REL,CON,CODE)

      Value  Global
   --------  --------------------------------
  0C:0082    A$main$470
  0C:0082    C$main.c$35$0$0
  0C:0082    C$main.c$36$1$1
  0C:0082    G$init$0$0
  0C:0082    _init
  0C:0085    A$main$471
  0C:0086    A$main$472
  0C:0088    A$main$475
  0C:0088    C$main.c$38$1$1
  0C:008B    A$main$478
  0C:008B    C$main.c$40$1$1
  0C:008D    A$main$481
  0C:008D    C$main.c$41$1$1
  0C:008F    A$main$484
  0C:008F    C$main.c$43$1$1
  0C:0092    A$main$485
  0C:0093    A$main$486
  0C:0095    A$main$487
  0C:0097    A$main$488
  0C:0099    A$main$491
  0C:0099    C$main.c$44$1$1
  0C:0099    XG$init$0$0
  0C:009A    A$main$505
  0C:009A    C$main.c$52$1$1
  0C:009A    G$write_segment$0$0
  0C:009A    _write_segment
  0C:009C    A$main$508
  0C:009C    C$main.c$54$1$1
  0C:009E    A$main$511
  0C:009E    C$main.c$55$1$1
  0C:00A0    A$main$514
  0C:00A0    C$main.c$56$1$1
  0C:00A2    A$main$517
  0C:00A2    C$main.c$59$1$1
  0C:00A4    A$main$518
  0C:00A6    A$main$519
  0C:00A7    A$main$520
  0C:00A9    A$main$523
  0C:00A9    C$main.c$62$1$1
  0C:00AC    A$main$524
  0C:00AE    A$main$526
  0C:00B1    A$main$527
  0C:00B3    A$main$531
  0C:00B3    C$main.c$63$2$2
  0C:00B6    A$main$532
  0C:00B8    A$main$536
  0C:00B8    C$main.c$64$2$2
  0C:00BA    A$main$539
  0C:00BA    C$main.c$65$2$2
  0C:00BC    A$main$542
  0C:00BC    C$main.c$66$2$2
  0C:00BE    A$main$547
  0C:00BE    C$main.c$67$2$2
  0C:00BE    C$main.c$68$2$2
  0C:00BF    A$main$551
  0C:00BF    C$main.c$69$2$2
  0C:00C1    A$main$554
  0C:00C1    C$main.c$70$2$2
  0C:00C3    A$main$557
  0C:00C3    C$main.c$71$2$2
  0C:00C5    A$main$562
  0C:00C5    C$main.c$72$2$2
  0C:00C5    C$main.c$73$2$2
  0C:00C6    A$main$566
  0C:00C6    C$main.c$74$2$2
  0C:00C8    A$main$569
  0C:00C8    C$main.c$75$2$2
  0C:00CA    A$main$572
  0C:00CA    C$main.c$76$2$2
  0C:00CC    A$main$578
  0C:00CC    C$main.c$78$1$1
  0C:00CC    C$main.c$79$1$1
  0C:00CC    XG$write_segment$0$0
  0C:00CD    A$main$594
  0C:00CD    C$main.c$84$1$1
  0C:00CD    C$main.c$85$1$1
  0C:00CD    G$get_digit$0$0
  0C:00CD    _get_digit
  0C:00D0    A$main$597
  0C:00D0    C$main.c$86$1$1
  0C:00D0    XG$get_digit$0$0
  0C:00D1    A$main$610
  0C:00D1    C$main.c$93$1$1
  0C:00D1    G$display$0$0
  0C:00D1    _display
  0C:00D3    A$main$611
  0C:00D5    A$main$614
  0C:00D5    C$main.c$96$1$1
  0C:00D8    A$main$615
  0C:00DA    A$main$616
  0C:00DC    A$main$617
  0C:00DE    A$main$618
  0C:00E0    A$main$619
  0C:00E3    A$main$620
  0C:00E6    A$main$621
  0C:00E9    A$main$622
  0C:00EC    A$main$623
  0C:00EE    A$main$624
  0C:00F0    A$main$627
  0C:00F0    C$main.c$97$1$1
  0C:00F3    A$main$628
  0C:00F5    A$main$629
  0C:00F7    A$main$630
  0C:00F9    A$main$631
  0C:00FB    A$main$632
  0C:00FE    A$main$633
  0C:0101    A$main$634
  0C:0104    A$main$635
  0C:0107    A$main$636
  0C:0109    A$main$637
  0C:010B    A$main$640
  0C:010B    C$main.c$98$1$1
  0C:010E    A$main$641
  0C:0110    A$main$642
  0C:0112    A$main$643
  0C:0115    A$main$644
  0C:0118    A$main$645
  0C:011B    A$main$648
  0C:011B    C$main.c$99$1$1
  0C:011B    XG$display$0$0
  0C:011E    A$main$662
  0C:011E    C$main.c$105$1$1
  0C:011E    C$main.c$107$1$1
  0C:011E    G$check_outgoing$0$0
  0C:011E    _check_outgoing
  0C:0121    A$main$665
  0C:0121    C$main.c$110$2$2
  0C:0123    A$main$666
  0C:0125    A$main$667
  0C:0126    A$main$668
  0C:0127    A$main$669
  0C:0129    A$main$670
  0C:012A    A$main$671
  0C:012C    A$main$672
  0C:012E    A$main$675
  0C:012E    C$main.c$111$3$3
  0C:0130    A$main$679
  0C:0130    C$main.c$114$1$1
  0C:0130    XG$check_outgoing$0$0
  0C:0131    A$main$693
  0C:0131    C$main.c$119$1$1
  0C:0131    C$main.c$120$1$1
  0C:0131    G$check_incoming$0$0
  0C:0131    _check_incoming
  0C:0134    A$main$696
  0C:0134    C$main.c$122$2$2
  0C:0136    A$main$697
  0C:0138    A$main$700
  0C:0138    C$main.c$123$3$3
  0C:013A    A$main$704
  0C:013A    C$main.c$126$1$1
  0C:013A    XG$check_incoming$0$0
  0C:013B    A$main$718
  0C:013B    C$main.c$129$1$1
  0C:013B    C$main.c$130$1$1
  0C:013B    G$main$0$0
  0C:013B    _main
  0C:013E    A$main$724
  0C:013E    C$main.c$133$1$1
  0C:013E    C$main.c$134$2$2
  0C:0141    A$main$725
  0C:0144    A$main$730
  0C:0144    C$main.c$150$1$1
  0C:0144    C$main.c$152$1$1
  0C:0144    XG$main$0$0
  0C:0146    __sdcc_external_startup


ASxxxx Linker V01.75 + NoICE + SDCC Feb 1999,  page 1.

Files Linked      [ module(s) ]

main.rel        

Libraries Linked            [   object  file   ]

/usr/bin/../share/sdcc/lib/small/mcs51.lib    [     crtclear.rel ]
/usr/bin/../share/sdcc/lib/small/mcs51.lib    [     crtxinit.rel ]
/usr/bin/../share/sdcc/lib/small/mcs51.lib    [    crtxclear.rel ]
/usr/bin/../share/sdcc/lib/small/mcs51.lib    [   crtpagesfr.rel ]
/usr/bin/../share/sdcc/lib/small/mcs51.lib    [     crtstart.rel ]
/usr/bin/../share/sdcc/lib/small/libsdcc.lib    [     _startup.rel ]

ASxxxx Linker V01.75 + NoICE + SDCC Feb 1999,  page 2.

User Base Address Definitions

HOME = 0x0000
ISEG = 0x0000
BSEG = 0x0000

