
Hexadecimal

Area                               Addr   Size   Decimal Bytes (Attributes)
--------------------------------   ----   ----   ------- ----- ------------
CABS                               0000   0000 =      0. bytes (ABS,CON,CODE)

      Value  Global
   --------  --------------------------------
  0C:FFFFFF00    s_BSEG
  0C:0000    l_BIT_BANK
  0C:0000    l_BSEG
  0C:0000    l_BSEG_BYTES
  0C:0000    l_CABS
  0C:0000    l_CONST
  0C:0000    l_GSINIT1
  0C:0000    l_GSINIT5
  0C:0000    l_IABS
  0C:0000    l_ISEG
  0C:0000    l_OSEG
  0C:0000    l_PSEG
  0C:0000    l_REG_BANK_1
  0C:0000    l_REG_BANK_2
  0C:0000    l_REG_BANK_3
  0C:0000    l_RSEG
  0C:0000    l_XABS
  0C:0000    l_XINIT
  0C:0000    l_XISEG
  0C:0000    l_XSEG
  0C:0000    l__CODE
  0C:0000    s_BSEG_BYTES
  0C:0000    s_CABS
  0C:0000    s_DSEG
  0C:0000    s_HOME
  0C:0000    s_IABS
  0C:0000    s_ISEG
  0C:0000    s_PSEG
  0C:0000    s_REG_BANK_0
  0C:0000    s_XABS
  0C:0000    s_XISEG
  0C:0000    s_XSEG
  0C:0003    l_GSFINAL
  0C:0003    l_GSINIT0
  0C:0008    l_HOME
  0C:0008    l_REG_BANK_0
  0C:0008    s_GSINIT0
  0C:0008    s_REG_BANK_1
  0C:000A    l_GSINIT2
  0C:000B    s_GSINIT1
  0C:000B    s_GSINIT2
  0C:0010    s_REG_BANK_2
  0C:0015    s_GSINIT3
  0C:0018    s_BIT_BANK
  0C:0018    s_OSEG
  0C:0018    s_REG_BANK_3
  0C:001E    l_GSINIT
  0C:001E    s_RSEG
  0C:001E    s_SSEG
  0C:0020    s__CODE
  0C:0022    l_GSINIT3
  0C:002A    l_GSINIT4
  0C:0037    s_GSINIT4
  0C:0061    s_GSINIT
  0C:0061    s_GSINIT5
  0C:0062    l_SSEG
  0C:007F    s_GSFINAL
  0C:0080    l_DSEG
  0C:0080    l_IRAM
  0C:0082    s_CSEG
  0C:0092    l_CSEG
  0C:0114    s_CONST
  0C:0114    s_XINIT



Hexadecimal

Area                               Addr   Size   Decimal Bytes (Attributes)
--------------------------------   ----   ----   ------- ----- ------------
.  .ABS.                           0000   0000 =      0. bytes (ABS,CON)

      Value  Global
   --------  --------------------------------
     0080    G$P0$0$0
     0080    G$P0_0$0$0
     0080    _P0
     0080    _P0_0
     0081    G$P0_1$0$0
     0081    G$SP$0$0
     0081    _P0_1
     0081    _SP
     0082    G$DPL$0$0
     0082    G$P0_2$0$0
     0082    _DPL
     0082    _P0_2
     0083    G$DPH$0$0
     0083    G$P0_3$0$0
     0083    _DPH
     0083    _P0_3
     0084    G$P0_4$0$0
     0084    _P0_4
     0085    G$P0_5$0$0
     0085    _P0_5
     0086    G$P0_6$0$0
     0086    _P0_6
     0087    G$P0_7$0$0
     0087    G$PCON$0$0
     0087    _P0_7
     0087    _PCON
     0088    G$IT0$0$0
     0088    G$TCON$0$0
     0088    _IT0
     0088    _TCON
     0089    G$IE0$0$0
     0089    G$TMOD$0$0
     0089    _IE0
     0089    _TMOD
     008A    G$IT1$0$0
     008A    G$TL0$0$0
     008A    _IT1
     008A    _TL0
     008B    G$IE1$0$0
     008B    G$TL1$0$0
     008B    _IE1
     008B    _TL1
     008C    G$TH0$0$0
     008C    G$TR0$0$0
     008C    _TH0
     008C    _TR0
     008D    G$TF0$0$0
     008D    G$TH1$0$0
     008D    _TF0
     008D    _TH1
     008E    G$TR1$0$0
     008E    _TR1
     008F    G$TF1$0$0
     008F    _TF1
     0090    G$P1$0$0
     0090    G$P1_0$0$0
     0090    _P1
     0090    _P1_0
     0091    G$P1_1$0$0
     0091    _P1_1
     0092    G$P1_2$0$0
     0092    _P1_2
     0093    G$P1_3$0$0
     0093    _P1_3
     0094    G$P1_4$0$0
     0094    _P1_4
     0095    G$P1_5$0$0
     0095    _P1_5
     0096    G$P1_6$0$0
     0096    _P1_6
     0097    G$P1_7$0$0
     0097    _P1_7
     0098    G$RI$0$0
     0098    G$SCON$0$0
     0098    _RI
     0098    _SCON
     0099    G$SBUF$0$0
     0099    G$TI$0$0
     0099    _SBUF
     0099    _TI
     009A    G$RB8$0$0
     009A    _RB8
     009B    G$TB8$0$0
     009B    _TB8
     009C    G$REN$0$0
     009C    _REN
     009D    G$SM2$0$0
     009D    _SM2
     009E    G$SM1$0$0
     009E    _SM1
     009F    G$SM0$0$0
     009F    _SM0
     00A0    G$P2$0$0
     00A0    G$P2_0$0$0
     00A0    _P2
     00A0    _P2_0
     00A0    __XPAGE
     00A1    G$P2_1$0$0
     00A1    _P2_1
     00A2    G$P2_2$0$0
     00A2    _P2_2
     00A3    G$P2_3$0$0
     00A3    _P2_3
     00A4    G$P2_4$0$0
     00A4    _P2_4
     00A5    G$P2_5$0$0
     00A5    _P2_5
     00A6    G$P2_6$0$0
     00A6    _P2_6
     00A7    G$P2_7$0$0
     00A7    _P2_7
     00A8    G$EX0$0$0
     00A8    G$IE$0$0
     00A8    _EX0
     00A8    _IE
     00A9    G$ET0$0$0
     00A9    _ET0
     00AA    G$EX1$0$0
     00AA    _EX1
     00AB    G$ET1$0$0
     00AB    _ET1
     00AC    G$ES$0$0
     00AC    _ES
     00AF    G$EA$0$0
     00AF    _EA
     00B0    G$P3$0$0
     00B0    G$P3_0$0$0
     00B0    G$RXD$0$0
     00B0    _P3
     00B0    _P3_0
     00B0    _RXD
     00B1    G$P3_1$0$0
     00B1    G$TXD$0$0
     00B1    _P3_1
     00B1    _TXD
     00B2    G$INT0$0$0
     00B2    G$P3_2$0$0
     00B2    _INT0
     00B2    _P3_2
     00B3    G$INT1$0$0
     00B3    G$P3_3$0$0
     00B3    _INT1
     00B3    _P3_3
     00B4    G$P3_4$0$0
     00B4    G$T0$0$0
     00B4    _P3_4
     00B4    _T0
     00B5    G$P3_5$0$0
     00B5    G$T1$0$0
     00B5    _P3_5
     00B5    _T1
     00B6    G$P3_6$0$0
     00B6    G$WR$0$0
     00B6    _P3_6
     00B6    _WR
     00B7    G$P3_7$0$0
     00B7    G$RD$0$0
     00B7    _P3_7
     00B7    _RD
     00B8    G$IP$0$0
     00B8    G$PX0$0$0
     00B8    _IP
     00B8    _PX0
     00B9    G$PT0$0$0
     00B9    _PT0
     00BA    G$PX1$0$0
     00BA    _PX1
     00BB    G$PT1$0$0
     00BB    _PT1
     00BC    G$PS$0$0
     00BC    _PS
     00D0    G$P$0$0
     00D0    G$PSW$0$0
     00D0    _P
     00D0    _PSW
     00D1    G$F1$0$0
     00D1    _F1
     00D2    G$OV$0$0
     00D2    _OV
     00D3    G$RS0$0$0
     00D3    _RS0
     00D4    G$RS1$0$0
     00D4    _RS1
     00D5    G$F0$0$0
     00D5    _F0
     00D6    G$AC$0$0
     00D6    _AC
     00D7    G$CY$0$0
     00D7    _CY
     00E0    G$ACC$0$0
     00E0    _ACC
     00F0    G$B$0$0
     00F0    _B









Hexadecimal

Area                               Addr   Size   Decimal Bytes (Attributes)
--------------------------------   ----   ----   ------- ----- ------------
DSEG                               0000   0080 =    128. bytes (REL,CON)

      Value  Global
   --------  --------------------------------
     0008    G$free_slots$0$0
     0008    _free_slots
     0009    G$MAX_SLOTS$0$0
     0009    _MAX_SLOTS
     000B    G$NUMBERS$0$0
     000B    _NUMBERS
     0015    G$cycle_delay$0$0
     0015    _cycle_delay
     0019    G$cycle_duration$0$0
     0019    _cycle_duration
     001D    Lwrite_segment$value$1$1
     001D    _write_segment_PARM_2



Hexadecimal

Area                               Addr   Size   Decimal Bytes (Attributes)
--------------------------------   ----   ----   ------- ----- ------------
SSEG                               001E   0062 =     98. bytes (REL,OVR)

      Value  Global
   --------  --------------------------------
     001E    __start__stack





Hexadecimal

Area                               Addr   Size   Decimal Bytes (Attributes)
--------------------------------   ----   ----   ------- ----- ------------
HOME                               0000   0008 =      8. bytes (REL,CON,CODE)

      Value  Global
   --------  --------------------------------
  0C:0000    A$main$402
  0C:0003    A$main$437
  0C:0003    __sdcc_program_startup
  0C:0006    A$main$439

Hexadecimal

Area                               Addr   Size   Decimal Bytes (Attributes)
--------------------------------   ----   ----   ------- ----- ------------
GSINIT0                            0008   0003 =      3. bytes (REL,CON,CODE)

      Value  Global
   --------  --------------------------------
  0C:0008    __sdcc_gsinit_startup



Hexadecimal

Area                               Addr   Size   Decimal Bytes (Attributes)
--------------------------------   ----   ----   ------- ----- ------------
GSINIT3                            0015   0022 =     34. bytes (REL,CON,CODE)

      Value  Global
   --------  --------------------------------
  0C:0015    __mcs51_genXINIT

Hexadecimal

Area                               Addr   Size   Decimal Bytes (Attributes)
--------------------------------   ----   ----   ------- ----- ------------
GSINIT4                            0037   002A =     42. bytes (REL,CON,CODE)

      Value  Global
   --------  --------------------------------
  0C:0037    __mcs51_genRAMCLEAR
  0C:003D    __mcs51_genXRAMCLEAR


Hexadecimal

Area                               Addr   Size   Decimal Bytes (Attributes)
--------------------------------   ----   ----   ------- ----- ------------
GSINIT                             0061   001E =     30. bytes (REL,CON,CODE)

      Value  Global
   --------  --------------------------------
  0C:0061    A$main$419
  0C:0061    C$main.c$27$1$1
  0C:0064    A$main$420
  0C:0067    A$main$421
  0C:006A    A$main$422
  0C:006D    A$main$423
  0C:0070    A$main$424
  0C:0073    A$main$425
  0C:0076    A$main$426
  0C:0079    A$main$427
  0C:007C    A$main$428

Hexadecimal

Area                               Addr   Size   Decimal Bytes (Attributes)
--------------------------------   ----   ----   ------- ----- ------------
GSFINAL                            007F   0003 =      3. bytes (REL,CON,CODE)

      Value  Global
   --------  --------------------------------
  0C:007F    A$main$430

Hexadecimal

Area                               Addr   Size   Decimal Bytes (Attributes)
--------------------------------   ----   ----   ------- ----- ------------
CSEG                               0082   0092 =    146. bytes (REL,CON,CODE)

      Value  Global
   --------  --------------------------------
  0C:0082    A$main$465
  0C:0082    C$main.c$35$0$0
  0C:0082    C$main.c$36$1$1
  0C:0082    G$init$0$0
  0C:0082    _init
  0C:0085    A$main$466
  0C:0086    A$main$467
  0C:0088    A$main$470
  0C:0088    C$main.c$38$1$1
  0C:008B    A$main$473
  0C:008B    C$main.c$40$1$1
  0C:008D    A$main$476
  0C:008D    C$main.c$41$1$1
  0C:008F    A$main$479
  0C:008F    C$main.c$43$1$1
  0C:0092    A$main$480
  0C:0093    A$main$481
  0C:0095    A$main$482
  0C:0097    A$main$483
  0C:0099    A$main$486
  0C:0099    C$main.c$44$1$1
  0C:0099    XG$init$0$0
  0C:009A    A$main$500
  0C:009A    C$main.c$52$1$1
  0C:009A    G$write_segment$0$0
  0C:009A    _write_segment
  0C:009C    A$main$503
  0C:009C    C$main.c$54$1$1
  0C:009E    A$main$506
  0C:009E    C$main.c$55$1$1
  0C:00A0    A$main$509
  0C:00A0    C$main.c$56$1$1
  0C:00A2    A$main$512
  0C:00A2    C$main.c$59$1$1
  0C:00A4    A$main$513
  0C:00A6    A$main$514
  0C:00A7    A$main$515
  0C:00A9    A$main$518
  0C:00A9    C$main.c$62$1$1
  0C:00AC    A$main$519
  0C:00AE    A$main$521
  0C:00B1    A$main$522
  0C:00B3    A$main$526
  0C:00B3    C$main.c$63$2$2
  0C:00B6    A$main$527
  0C:00B8    A$main$531
  0C:00B8    C$main.c$64$2$2
  0C:00BA    A$main$534
  0C:00BA    C$main.c$65$2$2
  0C:00BC    A$main$537
  0C:00BC    C$main.c$66$2$2
  0C:00BE    A$main$542
  0C:00BE    C$main.c$67$2$2
  0C:00BE    C$main.c$68$2$2
  0C:00BF    A$main$546
  0C:00BF    C$main.c$69$2$2
  0C:00C1    A$main$549
  0C:00C1    C$main.c$70$2$2
  0C:00C3    A$main$552
  0C:00C3    C$main.c$71$2$2
  0C:00C5    A$main$557
  0C:00C5    C$main.c$72$2$2
  0C:00C5    C$main.c$73$2$2
  0C:00C6    A$main$561
  0C:00C6    C$main.c$74$2$2
  0C:00C8    A$main$564
  0C:00C8    C$main.c$75$2$2
  0C:00CA    A$main$567
  0C:00CA    C$main.c$76$2$2
  0C:00CC    A$main$573
  0C:00CC    C$main.c$78$1$1
  0C:00CC    C$main.c$79$1$1
  0C:00CC    XG$write_segment$0$0
  0C:00CD    A$main$588
  0C:00CD    C$main.c$86$1$1
  0C:00CD    C$main.c$95$1$1
  0C:00CD    G$display$0$0
  0C:00CD    _display
  0C:00D0    A$main$589
  0C:00D3    A$main$590
  0C:00D6    A$main$593
  0C:00D6    C$main.c$96$1$1
  0C:00D9    A$main$594
  0C:00DC    A$main$595
  0C:00DF    A$main$598
  0C:00DF    C$main.c$97$1$1
  0C:00E2    A$main$599
  0C:00E5    A$main$602
  0C:00E5    C$main.c$98$1$1
  0C:00E5    XG$display$0$0
  0C:00E8    A$main$616
  0C:00E8    C$main.c$104$1$1
  0C:00E8    C$main.c$106$1$1
  0C:00E8    G$check_outgoing$0$0
  0C:00E8    _check_outgoing
  0C:00EB    A$main$619
  0C:00EB    C$main.c$109$2$2
  0C:00ED    A$main$620
  0C:00EF    A$main$621
  0C:00F0    A$main$622
  0C:00F1    A$main$623
  0C:00F3    A$main$624
  0C:00F4    A$main$625
  0C:00F6    A$main$626
  0C:00F8    A$main$629
  0C:00F8    C$main.c$110$3$3
  0C:00FA    A$main$633
  0C:00FA    C$main.c$113$1$1
  0C:00FA    XG$check_outgoing$0$0
  0C:00FB    A$main$647
  0C:00FB    C$main.c$118$1$1
  0C:00FB    C$main.c$119$1$1
  0C:00FB    G$check_incoming$0$0
  0C:00FB    _check_incoming
  0C:00FE    A$main$650
  0C:00FE    C$main.c$121$2$2
  0C:0100    A$main$651
  0C:0102    A$main$654
  0C:0102    C$main.c$122$3$3
  0C:0104    A$main$658
  0C:0104    C$main.c$125$1$1
  0C:0104    XG$check_incoming$0$0
  0C:0105    A$main$672
  0C:0105    C$main.c$128$1$1
  0C:0105    C$main.c$129$1$1
  0C:0105    G$main$0$0
  0C:0105    _main
  0C:0108    A$main$678
  0C:0108    C$main.c$132$1$1
  0C:0108    C$main.c$133$2$2
  0C:010B    A$main$679
  0C:010E    A$main$684
  0C:010E    C$main.c$149$1$1
  0C:010E    C$main.c$151$1$1
  0C:010E    XG$main$0$0
  0C:0110    __sdcc_external_startup


ASxxxx Linker V01.75 + NoICE + SDCC Feb 1999,  page 1.

Files Linked      [ module(s) ]

main.rel        

Libraries Linked            [   object  file   ]

/usr/bin/../share/sdcc/lib/small/mcs51.lib    [     crtclear.rel ]
/usr/bin/../share/sdcc/lib/small/mcs51.lib    [     crtxinit.rel ]
/usr/bin/../share/sdcc/lib/small/mcs51.lib    [    crtxclear.rel ]
/usr/bin/../share/sdcc/lib/small/mcs51.lib    [   crtpagesfr.rel ]
/usr/bin/../share/sdcc/lib/small/mcs51.lib    [     crtstart.rel ]
/usr/bin/../share/sdcc/lib/small/libsdcc.lib    [     _startup.rel ]

ASxxxx Linker V01.75 + NoICE + SDCC Feb 1999,  page 2.

User Base Address Definitions

HOME = 0x0000
ISEG = 0x0000
BSEG = 0x0000

