
Hexadecimal

Area                               Addr   Size   Decimal Bytes (Attributes)
--------------------------------   ----   ----   ------- ----- ------------
CABS                               0000   0000 =      0. bytes (ABS,CON,CODE)

      Value  Global
   --------  --------------------------------
  0C:FFFFFF00    s_BSEG
  0C:0000    l_BIT_BANK
  0C:0000    l_BSEG
  0C:0000    l_BSEG_BYTES
  0C:0000    l_CABS
  0C:0000    l_CONST
  0C:0000    l_GSINIT1
  0C:0000    l_GSINIT5
  0C:0000    l_IABS
  0C:0000    l_ISEG
  0C:0000    l_OSEG
  0C:0000    l_PSEG
  0C:0000    l_REG_BANK_1
  0C:0000    l_REG_BANK_2
  0C:0000    l_REG_BANK_3
  0C:0000    l_RSEG
  0C:0000    l_XABS
  0C:0000    l_XINIT
  0C:0000    l_XISEG
  0C:0000    l_XSEG
  0C:0000    l__CODE
  0C:0000    s_BSEG_BYTES
  0C:0000    s_CABS
  0C:0000    s_DSEG
  0C:0000    s_HOME
  0C:0000    s_IABS
  0C:0000    s_ISEG
  0C:0000    s_PSEG
  0C:0000    s_REG_BANK_0
  0C:0000    s_XABS
  0C:0000    s_XISEG
  0C:0000    s_XSEG
  0C:0003    l_GSFINAL
  0C:0003    l_GSINIT0
  0C:0008    l_HOME
  0C:0008    l_REG_BANK_0
  0C:0008    s_GSINIT0
  0C:0008    s_REG_BANK_1
  0C:000A    l_GSINIT2
  0C:000B    s_GSINIT1
  0C:000B    s_GSINIT2
  0C:0010    s_REG_BANK_2
  0C:0015    s_GSINIT3
  0C:0018    s_BIT_BANK
  0C:0018    s_OSEG
  0C:0018    s_REG_BANK_3
  0C:001B    s_RSEG
  0C:001B    s_SSEG
  0C:001E    l_GSINIT
  0C:0020    s__CODE
  0C:0022    l_GSINIT3
  0C:002A    l_GSINIT4
  0C:0037    s_GSINIT4
  0C:005E    l_CSEG
  0C:0061    s_GSINIT
  0C:0061    s_GSINIT5
  0C:0065    l_SSEG
  0C:007F    s_GSFINAL
  0C:0080    l_DSEG
  0C:0080    l_IRAM
  0C:0082    s_CSEG
  0C:00E0    s_CONST
  0C:00E0    s_XINIT



Hexadecimal

Area                               Addr   Size   Decimal Bytes (Attributes)
--------------------------------   ----   ----   ------- ----- ------------
.  .ABS.                           0000   0000 =      0. bytes (ABS,CON)

      Value  Global
   --------  --------------------------------
     0080    G$P0$0$0
     0080    G$P0_0$0$0
     0080    _P0
     0080    _P0_0
     0081    G$P0_1$0$0
     0081    G$SP$0$0
     0081    _P0_1
     0081    _SP
     0082    G$DPL$0$0
     0082    G$P0_2$0$0
     0082    _DPL
     0082    _P0_2
     0083    G$DPH$0$0
     0083    G$P0_3$0$0
     0083    _DPH
     0083    _P0_3
     0084    G$P0_4$0$0
     0084    _P0_4
     0085    G$P0_5$0$0
     0085    _P0_5
     0086    G$P0_6$0$0
     0086    _P0_6
     0087    G$P0_7$0$0
     0087    G$PCON$0$0
     0087    _P0_7
     0087    _PCON
     0088    G$IT0$0$0
     0088    G$TCON$0$0
     0088    _IT0
     0088    _TCON
     0089    G$IE0$0$0
     0089    G$TMOD$0$0
     0089    _IE0
     0089    _TMOD
     008A    G$IT1$0$0
     008A    G$TL0$0$0
     008A    _IT1
     008A    _TL0
     008B    G$IE1$0$0
     008B    G$TL1$0$0
     008B    _IE1
     008B    _TL1
     008C    G$TH0$0$0
     008C    G$TR0$0$0
     008C    _TH0
     008C    _TR0
     008D    G$TF0$0$0
     008D    G$TH1$0$0
     008D    _TF0
     008D    _TH1
     008E    G$TR1$0$0
     008E    _TR1
     008F    G$TF1$0$0
     008F    _TF1
     0090    G$P1$0$0
     0090    G$P1_0$0$0
     0090    _P1
     0090    _P1_0
     0091    G$P1_1$0$0
     0091    _P1_1
     0092    G$P1_2$0$0
     0092    _P1_2
     0093    G$P1_3$0$0
     0093    _P1_3
     0094    G$P1_4$0$0
     0094    _P1_4
     0095    G$P1_5$0$0
     0095    _P1_5
     0096    G$P1_6$0$0
     0096    _P1_6
     0097    G$P1_7$0$0
     0097    _P1_7
     0098    G$RI$0$0
     0098    G$SCON$0$0
     0098    _RI
     0098    _SCON
     0099    G$SBUF$0$0
     0099    G$TI$0$0
     0099    _SBUF
     0099    _TI
     009A    G$RB8$0$0
     009A    _RB8
     009B    G$TB8$0$0
     009B    _TB8
     009C    G$REN$0$0
     009C    _REN
     009D    G$SM2$0$0
     009D    _SM2
     009E    G$SM1$0$0
     009E    _SM1
     009F    G$SM0$0$0
     009F    _SM0
     00A0    G$P2$0$0
     00A0    G$P2_0$0$0
     00A0    _P2
     00A0    _P2_0
     00A0    __XPAGE
     00A1    G$P2_1$0$0
     00A1    _P2_1
     00A2    G$P2_2$0$0
     00A2    _P2_2
     00A3    G$P2_3$0$0
     00A3    _P2_3
     00A4    G$P2_4$0$0
     00A4    _P2_4
     00A5    G$P2_5$0$0
     00A5    _P2_5
     00A6    G$P2_6$0$0
     00A6    _P2_6
     00A7    G$P2_7$0$0
     00A7    _P2_7
     00A8    G$EX0$0$0
     00A8    G$IE$0$0
     00A8    _EX0
     00A8    _IE
     00A9    G$ET0$0$0
     00A9    _ET0
     00AA    G$EX1$0$0
     00AA    _EX1
     00AB    G$ET1$0$0
     00AB    _ET1
     00AC    G$ES$0$0
     00AC    _ES
     00AF    G$EA$0$0
     00AF    _EA
     00B0    G$P3$0$0
     00B0    G$P3_0$0$0
     00B0    G$RXD$0$0
     00B0    _P3
     00B0    _P3_0
     00B0    _RXD
     00B1    G$P3_1$0$0
     00B1    G$TXD$0$0
     00B1    _P3_1
     00B1    _TXD
     00B2    G$INT0$0$0
     00B2    G$P3_2$0$0
     00B2    _INT0
     00B2    _P3_2
     00B3    G$INT1$0$0
     00B3    G$P3_3$0$0
     00B3    _INT1
     00B3    _P3_3
     00B4    G$P3_4$0$0
     00B4    G$T0$0$0
     00B4    _P3_4
     00B4    _T0
     00B5    G$P3_5$0$0
     00B5    G$T1$0$0
     00B5    _P3_5
     00B5    _T1
     00B6    G$P3_6$0$0
     00B6    G$WR$0$0
     00B6    _P3_6
     00B6    _WR
     00B7    G$P3_7$0$0
     00B7    G$RD$0$0
     00B7    _P3_7
     00B7    _RD
     00B8    G$IP$0$0
     00B8    G$PX0$0$0
     00B8    _IP
     00B8    _PX0
     00B9    G$PT0$0$0
     00B9    _PT0
     00BA    G$PX1$0$0
     00BA    _PX1
     00BB    G$PT1$0$0
     00BB    _PT1
     00BC    G$PS$0$0
     00BC    _PS
     00D0    G$P$0$0
     00D0    G$PSW$0$0
     00D0    _P
     00D0    _PSW
     00D1    G$F1$0$0
     00D1    _F1
     00D2    G$OV$0$0
     00D2    _OV
     00D3    G$RS0$0$0
     00D3    _RS0
     00D4    G$RS1$0$0
     00D4    _RS1
     00D5    G$F0$0$0
     00D5    _F0
     00D6    G$AC$0$0
     00D6    _AC
     00D7    G$CY$0$0
     00D7    _CY
     00E0    G$ACC$0$0
     00E0    _ACC
     00F0    G$B$0$0
     00F0    _B









Hexadecimal

Area                               Addr   Size   Decimal Bytes (Attributes)
--------------------------------   ----   ----   ------- ----- ------------
DSEG                               0000   0080 =    128. bytes (REL,CON)

      Value  Global
   --------  --------------------------------
     0008    G$FREE_SLOTS$0$0
     0008    _FREE_SLOTS
     0009    G$OUT$0$0
     0009    _OUT
     0013    G$cycle_delay$0$0
     0013    _cycle_delay
     0017    G$cycle_duration$0$0
     0017    _cycle_duration



Hexadecimal

Area                               Addr   Size   Decimal Bytes (Attributes)
--------------------------------   ----   ----   ------- ----- ------------
SSEG                               001B   0065 =    101. bytes (REL,OVR)

      Value  Global
   --------  --------------------------------
     001B    __start__stack





Hexadecimal

Area                               Addr   Size   Decimal Bytes (Attributes)
--------------------------------   ----   ----   ------- ----- ------------
HOME                               0000   0008 =      8. bytes (REL,CON,CODE)

      Value  Global
   --------  --------------------------------
  0C:0000    A$main$390
  0C:0003    A$main$425
  0C:0003    __sdcc_program_startup
  0C:0006    A$main$427

Hexadecimal

Area                               Addr   Size   Decimal Bytes (Attributes)
--------------------------------   ----   ----   ------- ----- ------------
GSINIT0                            0008   0003 =      3. bytes (REL,CON,CODE)

      Value  Global
   --------  --------------------------------
  0C:0008    __sdcc_gsinit_startup



Hexadecimal

Area                               Addr   Size   Decimal Bytes (Attributes)
--------------------------------   ----   ----   ------- ----- ------------
GSINIT3                            0015   0022 =     34. bytes (REL,CON,CODE)

      Value  Global
   --------  --------------------------------
  0C:0015    __mcs51_genXINIT

Hexadecimal

Area                               Addr   Size   Decimal Bytes (Attributes)
--------------------------------   ----   ----   ------- ----- ------------
GSINIT4                            0037   002A =     42. bytes (REL,CON,CODE)

      Value  Global
   --------  --------------------------------
  0C:0037    __mcs51_genRAMCLEAR
  0C:003D    __mcs51_genXRAMCLEAR


Hexadecimal

Area                               Addr   Size   Decimal Bytes (Attributes)
--------------------------------   ----   ----   ------- ----- ------------
GSINIT                             0061   001E =     30. bytes (REL,CON,CODE)

      Value  Global
   --------  --------------------------------
  0C:0061    A$main$407
  0C:0061    C$main.c$25$1$1
  0C:0064    A$main$408
  0C:0067    A$main$409
  0C:006A    A$main$410
  0C:006D    A$main$411
  0C:0070    A$main$412
  0C:0073    A$main$413
  0C:0076    A$main$414
  0C:0079    A$main$415
  0C:007C    A$main$416

Hexadecimal

Area                               Addr   Size   Decimal Bytes (Attributes)
--------------------------------   ----   ----   ------- ----- ------------
GSFINAL                            007F   0003 =      3. bytes (REL,CON,CODE)

      Value  Global
   --------  --------------------------------
  0C:007F    A$main$418

Hexadecimal

Area                               Addr   Size   Decimal Bytes (Attributes)
--------------------------------   ----   ----   ------- ----- ------------
CSEG                               0082   005E =     94. bytes (REL,CON,CODE)

      Value  Global
   --------  --------------------------------
  0C:0082    A$main$453
  0C:0082    C$main.c$32$0$0
  0C:0082    C$main.c$33$1$1
  0C:0082    G$init$0$0
  0C:0082    _init
  0C:0085    A$main$456
  0C:0085    C$main.c$34$1$1
  0C:0088    A$main$459
  0C:0088    C$main.c$36$1$1
  0C:008A    A$main$462
  0C:008A    C$main.c$37$1$1
  0C:008C    A$main$465
  0C:008C    C$main.c$39$1$1
  0C:008F    A$main$466
  0C:0090    A$main$467
  0C:0092    A$main$468
  0C:0094    A$main$469
  0C:0096    A$main$472
  0C:0096    C$main.c$40$1$1
  0C:0096    XG$init$0$0
  0C:0097    A$main$486
  0C:0097    C$main.c$43$1$1
  0C:0097    C$main.c$45$1$1
  0C:0097    G$main$0$0
  0C:0097    _main
  0C:009A    A$main$492
  0C:009A    C$main.c$47$1$1
  0C:009A    C$main.c$50$2$2
  0C:009D    A$main$495
  0C:009D    C$main.c$53$3$3
  0C:009F    A$main$496
  0C:00A1    A$main$499
  0C:00A1    C$main.c$54$4$4
  0C:00A3    A$main$503
  0C:00A3    C$main.c$59$3$3
  0C:00A4    A$main$504
  0C:00A6    A$main$505
  0C:00A8    A$main$506
  0C:00AA    A$main$507
  0C:00AC    A$main$509
  0C:00AD    A$main$510
  0C:00AF    A$main$511
  0C:00B1    A$main$512
  0C:00B3    A$main$513
  0C:00B5    A$main$514
  0C:00B7    A$main$515
  0C:00B9    A$main$516
  0C:00BB    A$main$517
  0C:00BD    A$main$518
  0C:00BF    A$main$519
  0C:00C1    A$main$520
  0C:00C2    A$main$521
  0C:00C5    A$main$522
  0C:00C7    A$main$523
  0C:00CA    A$main$524
  0C:00CC    A$main$525
  0C:00CF    A$main$526
  0C:00D1    A$main$527
  0C:00D3    A$main$531
  0C:00D3    C$main.c$63$2$2
  0C:00D5    A$main$532
  0C:00D7    A$main$533
  0C:00D8    A$main$534
  0C:00DA    A$main$537
  0C:00DA    C$main.c$65$1$1
  0C:00DA    XG$main$0$0
  0C:00DC    __sdcc_external_startup


ASxxxx Linker V01.75 + NoICE + SDCC Feb 1999,  page 1.

Files Linked      [ module(s) ]

main.rel        

Libraries Linked            [   object  file   ]

/usr/bin/../share/sdcc/lib/small/mcs51.lib    [     crtclear.rel ]
/usr/bin/../share/sdcc/lib/small/mcs51.lib    [     crtxinit.rel ]
/usr/bin/../share/sdcc/lib/small/mcs51.lib    [    crtxclear.rel ]
/usr/bin/../share/sdcc/lib/small/mcs51.lib    [   crtpagesfr.rel ]
/usr/bin/../share/sdcc/lib/small/mcs51.lib    [     crtstart.rel ]
/usr/bin/../share/sdcc/lib/small/libsdcc.lib    [     _startup.rel ]

ASxxxx Linker V01.75 + NoICE + SDCC Feb 1999,  page 2.

User Base Address Definitions

HOME = 0x0000
ISEG = 0x0000
BSEG = 0x0000

