
Hexadecimal

Area                               Addr   Size   Decimal Bytes (Attributes)
--------------------------------   ----   ----   ------- ----- ------------
CABS                               0000   0000 =      0. bytes (ABS,CON,CODE)

      Value  Global
   --------  --------------------------------
  0C:FFFFFF00    s_BSEG
  0C:0000    l_BIT_BANK
  0C:0000    l_BSEG
  0C:0000    l_BSEG_BYTES
  0C:0000    l_CABS
  0C:0000    l_CONST
  0C:0000    l_GSINIT1
  0C:0000    l_GSINIT5
  0C:0000    l_IABS
  0C:0000    l_ISEG
  0C:0000    l_PSEG
  0C:0000    l_REG_BANK_1
  0C:0000    l_REG_BANK_2
  0C:0000    l_REG_BANK_3
  0C:0000    l_RSEG
  0C:0000    l_XABS
  0C:0000    l_XINIT
  0C:0000    l_XISEG
  0C:0000    l_XSEG
  0C:0000    l__CODE
  0C:0000    s_BSEG_BYTES
  0C:0000    s_CABS
  0C:0000    s_DSEG
  0C:0000    s_HOME
  0C:0000    s_IABS
  0C:0000    s_ISEG
  0C:0000    s_PSEG
  0C:0000    s_REG_BANK_0
  0C:0000    s_XABS
  0C:0000    s_XISEG
  0C:0000    s_XSEG
  0C:0002    l_OSEG
  0C:0003    l_GSFINAL
  0C:0003    l_GSINIT0
  0C:0008    l_HOME
  0C:0008    l_REG_BANK_0
  0C:0008    s_GSINIT0
  0C:0008    s_REG_BANK_1
  0C:000A    l_GSINIT2
  0C:000B    s_GSINIT1
  0C:000B    s_GSINIT2
  0C:0010    s_REG_BANK_2
  0C:0015    s_GSINIT3
  0C:0018    s_BIT_BANK
  0C:0018    s_REG_BANK_3
  0C:0020    s__CODE
  0C:0021    l_GSINIT
  0C:0021    s_OSEG
  0C:0022    l_GSINIT3
  0C:0023    s_RSEG
  0C:0023    s_SSEG
  0C:002A    l_GSINIT4
  0C:0037    s_GSINIT4
  0C:005D    l_SSEG
  0C:0061    s_GSINIT
  0C:0061    s_GSINIT5
  0C:0080    l_DSEG
  0C:0080    l_IRAM
  0C:0082    s_GSFINAL
  0C:0085    s_CSEG
  0C:0195    l_CSEG
  0C:021A    s_CONST
  0C:021A    s_XINIT



Hexadecimal

Area                               Addr   Size   Decimal Bytes (Attributes)
--------------------------------   ----   ----   ------- ----- ------------
.  .ABS.                           0000   0000 =      0. bytes (ABS,CON)

      Value  Global
   --------  --------------------------------
     0080    G$P0$0$0
     0080    G$P0_0$0$0
     0080    _P0
     0080    _P0_0
     0081    G$P0_1$0$0
     0081    G$SP$0$0
     0081    _P0_1
     0081    _SP
     0082    G$DPL$0$0
     0082    G$P0_2$0$0
     0082    _DPL
     0082    _P0_2
     0083    G$DPH$0$0
     0083    G$P0_3$0$0
     0083    _DPH
     0083    _P0_3
     0084    G$P0_4$0$0
     0084    _P0_4
     0085    G$P0_5$0$0
     0085    _P0_5
     0086    G$P0_6$0$0
     0086    _P0_6
     0087    G$P0_7$0$0
     0087    G$PCON$0$0
     0087    _P0_7
     0087    _PCON
     0088    G$IT0$0$0
     0088    G$TCON$0$0
     0088    _IT0
     0088    _TCON
     0089    G$IE0$0$0
     0089    G$TMOD$0$0
     0089    _IE0
     0089    _TMOD
     008A    G$IT1$0$0
     008A    G$TL0$0$0
     008A    _IT1
     008A    _TL0
     008B    G$IE1$0$0
     008B    G$TL1$0$0
     008B    _IE1
     008B    _TL1
     008C    G$TH0$0$0
     008C    G$TR0$0$0
     008C    _TH0
     008C    _TR0
     008D    G$TF0$0$0
     008D    G$TH1$0$0
     008D    _TF0
     008D    _TH1
     008E    G$TR1$0$0
     008E    _TR1
     008F    G$TF1$0$0
     008F    _TF1
     0090    G$P1$0$0
     0090    G$P1_0$0$0
     0090    _P1
     0090    _P1_0
     0091    G$P1_1$0$0
     0091    _P1_1
     0092    G$P1_2$0$0
     0092    _P1_2
     0093    G$P1_3$0$0
     0093    _P1_3
     0094    G$P1_4$0$0
     0094    _P1_4
     0095    G$P1_5$0$0
     0095    _P1_5
     0096    G$P1_6$0$0
     0096    _P1_6
     0097    G$P1_7$0$0
     0097    _P1_7
     0098    G$RI$0$0
     0098    G$SCON$0$0
     0098    _RI
     0098    _SCON
     0099    G$SBUF$0$0
     0099    G$TI$0$0
     0099    _SBUF
     0099    _TI
     009A    G$RB8$0$0
     009A    _RB8
     009B    G$TB8$0$0
     009B    _TB8
     009C    G$REN$0$0
     009C    _REN
     009D    G$SM2$0$0
     009D    _SM2
     009E    G$SM1$0$0
     009E    _SM1
     009F    G$SM0$0$0
     009F    _SM0
     00A0    G$P2$0$0
     00A0    G$P2_0$0$0
     00A0    _P2
     00A0    _P2_0
     00A0    __XPAGE
     00A1    G$P2_1$0$0
     00A1    _P2_1
     00A2    G$P2_2$0$0
     00A2    _P2_2
     00A3    G$P2_3$0$0
     00A3    _P2_3
     00A4    G$P2_4$0$0
     00A4    _P2_4
     00A5    G$P2_5$0$0
     00A5    _P2_5
     00A6    G$P2_6$0$0
     00A6    _P2_6
     00A7    G$P2_7$0$0
     00A7    _P2_7
     00A8    G$EX0$0$0
     00A8    G$IE$0$0
     00A8    _EX0
     00A8    _IE
     00A9    G$ET0$0$0
     00A9    _ET0
     00AA    G$EX1$0$0
     00AA    _EX1
     00AB    G$ET1$0$0
     00AB    _ET1
     00AC    G$ES$0$0
     00AC    _ES
     00AF    G$EA$0$0
     00AF    _EA
     00B0    G$P3$0$0
     00B0    G$P3_0$0$0
     00B0    G$RXD$0$0
     00B0    _P3
     00B0    _P3_0
     00B0    _RXD
     00B1    G$P3_1$0$0
     00B1    G$TXD$0$0
     00B1    _P3_1
     00B1    _TXD
     00B2    G$INT0$0$0
     00B2    G$P3_2$0$0
     00B2    _INT0
     00B2    _P3_2
     00B3    G$INT1$0$0
     00B3    G$P3_3$0$0
     00B3    _INT1
     00B3    _P3_3
     00B4    G$P3_4$0$0
     00B4    G$T0$0$0
     00B4    _P3_4
     00B4    _T0
     00B5    G$P3_5$0$0
     00B5    G$T1$0$0
     00B5    _P3_5
     00B5    _T1
     00B6    G$P3_6$0$0
     00B6    G$WR$0$0
     00B6    _P3_6
     00B6    _WR
     00B7    G$P3_7$0$0
     00B7    G$RD$0$0
     00B7    _P3_7
     00B7    _RD
     00B8    G$IP$0$0
     00B8    G$PX0$0$0
     00B8    _IP
     00B8    _PX0
     00B9    G$PT0$0$0
     00B9    _PT0
     00BA    G$PX1$0$0
     00BA    _PX1
     00BB    G$PT1$0$0
     00BB    _PT1
     00BC    G$PS$0$0
     00BC    _PS
     00D0    G$P$0$0
     00D0    G$PSW$0$0
     00D0    _P
     00D0    _PSW
     00D1    G$F1$0$0
     00D1    _F1
     00D2    G$OV$0$0
     00D2    _OV
     00D3    G$RS0$0$0
     00D3    _RS0
     00D4    G$RS1$0$0
     00D4    _RS1
     00D5    G$F0$0$0
     00D5    _F0
     00D6    G$AC$0$0
     00D6    _AC
     00D7    G$CY$0$0
     00D7    _CY
     00E0    G$ACC$0$0
     00E0    _ACC
     00F0    G$B$0$0
     00F0    _B









Hexadecimal

Area                               Addr   Size   Decimal Bytes (Attributes)
--------------------------------   ----   ----   ------- ----- ------------
DSEG                               0000   0080 =    128. bytes (REL,CON)

      Value  Global
   --------  --------------------------------
     0008    G$NUMBER_OF_DIGITS$0$0
     0008    _NUMBER_OF_DIGITS
     0009    G$free_slots$0$0
     0009    _free_slots
     000B    G$MAX_SLOTS$0$0
     000B    _MAX_SLOTS
     000D    G$NUMBERS$0$0
     000D    _NUMBERS
     0017    G$cycle_delay$0$0
     0017    _cycle_delay
     001B    G$cycle_duration$0$0
     001B    _cycle_duration
     001F    Lwrite_segment$value$1$1
     001F    _write_segment_PARM_2
     0020    Lget_digit$place$1$1
     0020    _get_digit_PARM_2

Hexadecimal

Area                               Addr   Size   Decimal Bytes (Attributes)
--------------------------------   ----   ----   ------- ----- ------------
OSEG                               0021   0002 =      2. bytes (REL,OVR)

      Value  Global
   --------  --------------------------------
     0021    __divsint_PARM_2
     0021    __divuint_PARM_2


Hexadecimal

Area                               Addr   Size   Decimal Bytes (Attributes)
--------------------------------   ----   ----   ------- ----- ------------
SSEG                               0023   005D =     93. bytes (REL,OVR)

      Value  Global
   --------  --------------------------------
     0023    __start__stack





Hexadecimal

Area                               Addr   Size   Decimal Bytes (Attributes)
--------------------------------   ----   ----   ------- ----- ------------
HOME                               0000   0008 =      8. bytes (REL,CON,CODE)

      Value  Global
   --------  --------------------------------
  0C:0000    A$main$412
  0C:0003    A$main$451
  0C:0003    __sdcc_program_startup
  0C:0006    A$main$453

Hexadecimal

Area                               Addr   Size   Decimal Bytes (Attributes)
--------------------------------   ----   ----   ------- ----- ------------
GSINIT0                            0008   0003 =      3. bytes (REL,CON,CODE)

      Value  Global
   --------  --------------------------------
  0C:0008    __sdcc_gsinit_startup



Hexadecimal

Area                               Addr   Size   Decimal Bytes (Attributes)
--------------------------------   ----   ----   ------- ----- ------------
GSINIT3                            0015   0022 =     34. bytes (REL,CON,CODE)

      Value  Global
   --------  --------------------------------
  0C:0015    __mcs51_genXINIT

Hexadecimal

Area                               Addr   Size   Decimal Bytes (Attributes)
--------------------------------   ----   ----   ------- ----- ------------
GSINIT4                            0037   002A =     42. bytes (REL,CON,CODE)

      Value  Global
   --------  --------------------------------
  0C:0037    __mcs51_genRAMCLEAR
  0C:003D    __mcs51_genXRAMCLEAR


Hexadecimal

Area                               Addr   Size   Decimal Bytes (Attributes)
--------------------------------   ----   ----   ------- ----- ------------
GSINIT                             0061   0021 =     33. bytes (REL,CON,CODE)

      Value  Global
   --------  --------------------------------
  0C:0061    A$main$429
  0C:0061    C$main.c$21$1$1
  0C:0064    A$main$433
  0C:0064    C$main.c$29$1$1
  0C:0067    A$main$434
  0C:006A    A$main$435
  0C:006D    A$main$436
  0C:0070    A$main$437
  0C:0073    A$main$438
  0C:0076    A$main$439
  0C:0079    A$main$440
  0C:007C    A$main$441
  0C:007F    A$main$442

Hexadecimal

Area                               Addr   Size   Decimal Bytes (Attributes)
--------------------------------   ----   ----   ------- ----- ------------
GSFINAL                            0082   0003 =      3. bytes (REL,CON,CODE)

      Value  Global
   --------  --------------------------------
  0C:0082    A$main$444

Hexadecimal

Area                               Addr   Size   Decimal Bytes (Attributes)
--------------------------------   ----   ----   ------- ----- ------------
CSEG                               0085   0195 =    405. bytes (REL,CON,CODE)

      Value  Global
   --------  --------------------------------
  0C:0085    A$main$479
  0C:0085    C$main.c$37$0$0
  0C:0085    C$main.c$38$1$1
  0C:0085    G$init$0$0
  0C:0085    _init
  0C:0088    A$main$480
  0C:0089    A$main$481
  0C:008B    A$main$484
  0C:008B    C$main.c$40$1$1
  0C:008E    A$main$485
  0C:008F    A$main$486
  0C:0091    A$main$489
  0C:0091    C$main.c$42$1$1
  0C:0093    A$main$492
  0C:0093    C$main.c$43$1$1
  0C:0095    A$main$495
  0C:0095    C$main.c$45$1$1
  0C:0098    A$main$496
  0C:0099    A$main$497
  0C:009B    A$main$498
  0C:009D    A$main$499
  0C:009F    A$main$502
  0C:009F    C$main.c$46$1$1
  0C:009F    XG$init$0$0
  0C:00A0    A$main$516
  0C:00A0    C$main.c$54$1$1
  0C:00A0    G$write_segment$0$0
  0C:00A0    _write_segment
  0C:00A2    A$main$519
  0C:00A2    C$main.c$56$1$1
  0C:00A4    A$main$522
  0C:00A4    C$main.c$57$1$1
  0C:00A6    A$main$525
  0C:00A6    C$main.c$58$1$1
  0C:00A8    A$main$528
  0C:00A8    C$main.c$61$1$1
  0C:00AA    A$main$529
  0C:00AC    A$main$530
  0C:00AD    A$main$531
  0C:00AF    A$main$534
  0C:00AF    C$main.c$64$1$1
  0C:00B2    A$main$535
  0C:00B4    A$main$537
  0C:00B7    A$main$538
  0C:00B9    A$main$542
  0C:00B9    C$main.c$65$2$2
  0C:00BC    A$main$543
  0C:00BE    A$main$547
  0C:00BE    C$main.c$66$2$2
  0C:00C0    A$main$550
  0C:00C0    C$main.c$67$2$2
  0C:00C2    A$main$553
  0C:00C2    C$main.c$68$2$2
  0C:00C4    A$main$558
  0C:00C4    C$main.c$69$2$2
  0C:00C4    C$main.c$70$2$2
  0C:00C5    A$main$562
  0C:00C5    C$main.c$71$2$2
  0C:00C7    A$main$565
  0C:00C7    C$main.c$72$2$2
  0C:00C9    A$main$568
  0C:00C9    C$main.c$73$2$2
  0C:00CB    A$main$573
  0C:00CB    C$main.c$74$2$2
  0C:00CB    C$main.c$75$2$2
  0C:00CC    A$main$577
  0C:00CC    C$main.c$76$2$2
  0C:00CE    A$main$580
  0C:00CE    C$main.c$77$2$2
  0C:00D0    A$main$583
  0C:00D0    C$main.c$78$2$2
  0C:00D2    A$main$589
  0C:00D2    C$main.c$80$1$1
  0C:00D2    C$main.c$81$1$1
  0C:00D2    XG$write_segment$0$0
  0C:00D3    A$main$603
  0C:00D3    C$main.c$87$1$1
  0C:00D3    G$get_digit$0$0
  0C:00D3    _get_digit
  0C:00D5    A$main$604
  0C:00D7    A$main$607
  0C:00D7    C$main.c$89$1$1
  0C:00D9    A$main$608
  0C:00DB    A$main$611
  0C:00DB    C$main.c$90$2$2
  0C:00DD    A$main$612
  0C:00E0    A$main$613
  0C:00E1    A$main$614
  0C:00E2    A$main$615
  0C:00E5    A$main$616
  0C:00E6    A$main$620
  0C:00E6    C$main.c$91$1$1
  0C:00E8    A$main$621
  0C:00EB    A$main$624
  0C:00EB    C$main.c$92$1$1
  0C:00EE    A$main$625
  0C:00EF    A$main$626
  0C:00F1    A$main$627
  0C:00F3    A$main$628
  0C:00F5    A$main$629
  0C:00F8    A$main$630
  0C:00FA    A$main$631
  0C:00FD    A$main$632
  0C:00FE    A$main$633
  0C:00FF    A$main$634
  0C:0102    A$main$635
  0C:0103    A$main$639
  0C:0103    C$main.c$94$1$1
  0C:0106    A$main$640
  0C:0107    A$main$641
  0C:0109    A$main$642
  0C:010B    A$main$643
  0C:010D    A$main$646
  0C:010D    C$main.c$95$1$1
  0C:010D    XG$get_digit$0$0
  0C:0110    A$main$660
  0C:0110    C$main.c$102$1$1
  0C:0110    G$display$0$0
  0C:0110    _display
  0C:0112    A$main$661
  0C:0114    A$main$664
  0C:0116    A$main$666
  0C:0117    A$main$667
  0C:0118    A$main$668
  0C:011A    A$main$669
  0C:011C    A$main$672
  0C:011C    C$main.c$108$2$2
  0C:011E    A$main$673
  0C:0120    A$main$674
  0C:0122    A$main$675
  0C:0124    A$main$676
  0C:0126    A$main$677
  0C:0128    A$main$678
  0C:012B    A$main$679
  0C:012E    A$main$680
  0C:0130    A$main$681
  0C:0132    A$main$682
  0C:0134    A$main$683
  0C:0137    A$main$684
  0C:0139    A$main$685
  0C:013B    A$main$686
  0C:013D    A$main$689
  0C:013D    C$main.c$107$1$1
  0C:013E    A$main$690
  0C:0140    A$main$694
  0C:0140    C$main.c$110$1$1
  0C:0140    XG$display$0$0
  0C:0141    A$main$708
  0C:0141    C$main.c$116$1$1
  0C:0141    C$main.c$117$1$1
  0C:0141    G$bounce_delay$0$0
  0C:0141    _bounce_delay
  0C:0144    A$main$709
  0C:0145    A$main$710
  0C:0147    A$main$711
  0C:0149    A$main$712
  0C:014B    A$main$714
  0C:014D    A$main$715
  0C:014F    A$main$716
  0C:0152    A$main$717
  0C:0154    A$main$718
  0C:0157    A$main$719
  0C:0159    A$main$720
  0C:015C    A$main$721
  0C:015E    A$main$723
  0C:0160    A$main$724
  0C:0162    A$main$725
  0C:0164    A$main$726
  0C:0166    A$main$727
  0C:0168    A$main$728
  0C:016B    A$main$729
  0C:016C    A$main$730
  0C:016E    A$main$731
  0C:0170    A$main$732
  0C:0172    A$main$735
  0C:0172    C$main.c$118$1$1
  0C:0172    XG$bounce_delay$0$0
  0C:0173    A$main$749
  0C:0173    C$main.c$124$1$1
  0C:0173    C$main.c$126$1$1
  0C:0173    G$check_outgoing$0$0
  0C:0173    _check_outgoing
  0C:0176    A$main$752
  0C:0176    C$main.c$128$2$2
  0C:0179    A$main$755
  0C:0179    C$main.c$129$1$2
  0C:017C    A$main$758
  0C:017C    C$main.c$131$3$3
  0C:017D    A$main$759
  0C:017F    A$main$760
  0C:0181    A$main$761
  0C:0183    A$main$762
  0C:0185    A$main$763
  0C:0187    A$main$766
  0C:0187    C$main.c$132$4$4
  0C:0189    A$main$767
  0C:018A    A$main$768
  0C:018D    A$main$769
  0C:018F    A$main$774
  0C:018F    C$main.c$136$1$1
  0C:018F    XG$check_outgoing$0$0
  0C:0190    A$main$788
  0C:0190    C$main.c$142$1$1
  0C:0190    C$main.c$143$1$1
  0C:0190    G$check_incoming$0$0
  0C:0190    _check_incoming
  0C:0193    A$main$791
  0C:0193    C$main.c$144$2$2
  0C:0196    A$main$794
  0C:0196    C$main.c$146$1$2
  0C:0199    A$main$797
  0C:0199    C$main.c$148$3$3
  0C:019B    A$main$798
  0C:019D    A$main$799
  0C:019F    A$main$802
  0C:019F    C$main.c$149$4$4
  0C:01A1    A$main$803
  0C:01A3    A$main$804
  0C:01A6    A$main$805
  0C:01A8    A$main$810
  0C:01A8    C$main.c$153$1$1
  0C:01A8    XG$check_incoming$0$0
  0C:01A9    A$main$824
  0C:01A9    C$main.c$156$1$1
  0C:01A9    C$main.c$157$1$1
  0C:01A9    G$main$0$0
  0C:01A9    _main
  0C:01AC    A$main$830
  0C:01AC    C$main.c$159$1$1
  0C:01AC    C$main.c$161$2$2
  0C:01AF    A$main$833
  0C:01AF    C$main.c$163$2$2
  0C:01B2    A$main$836
  0C:01B2    C$main.c$170$2$2
  0C:01B3    A$main$837
  0C:01B5    A$main$838
  0C:01B7    A$main$839
  0C:01B9    A$main$840
  0C:01BB    A$main$842
  0C:01BC    A$main$843
  0C:01BE    A$main$844
  0C:01C0    A$main$845
  0C:01C2    A$main$846
  0C:01C4    A$main$847
  0C:01C6    A$main$848
  0C:01C8    A$main$849
  0C:01CA    A$main$850
  0C:01CC    A$main$851
  0C:01CE    A$main$852
  0C:01D0    A$main$853
  0C:01D1    A$main$854
  0C:01D4    A$main$855
  0C:01D6    A$main$856
  0C:01D9    A$main$857
  0C:01DB    A$main$858
  0C:01DE    A$main$859
  0C:01E0    A$main$860
  0C:01E2    A$main$864
  0C:01E2    C$main.c$172$2$2
  0C:01E5    A$main$865
  0C:01E8    A$main$866
  0C:01EB    A$main$869
  0C:01EB    C$main.c$174$1$1
  0C:01EB    XG$main$0$0
  0C:01ED    __divuint
  0C:0216    __sdcc_external_startup


ASxxxx Linker V01.75 + NoICE + SDCC Feb 1999,  page 1.

Files Linked      [ module(s) ]

main.rel        

Libraries Linked            [   object  file   ]

/usr/bin/../share/sdcc/lib/small/libint.lib    [     _divuint.rel ]
/usr/bin/../share/sdcc/lib/small/mcs51.lib    [     crtclear.rel ]
/usr/bin/../share/sdcc/lib/small/mcs51.lib    [     crtxinit.rel ]
/usr/bin/../share/sdcc/lib/small/mcs51.lib    [    crtxclear.rel ]
/usr/bin/../share/sdcc/lib/small/mcs51.lib    [   crtpagesfr.rel ]
/usr/bin/../share/sdcc/lib/small/mcs51.lib    [     crtstart.rel ]
/usr/bin/../share/sdcc/lib/small/libsdcc.lib    [     _startup.rel ]

ASxxxx Linker V01.75 + NoICE + SDCC Feb 1999,  page 2.

User Base Address Definitions

HOME = 0x0000
ISEG = 0x0000
BSEG = 0x0000

