
Hexadecimal

Area                               Addr   Size   Decimal Bytes (Attributes)
--------------------------------   ----   ----   ------- ----- ------------
CABS                               0000   0000 =      0. bytes (ABS,CON,CODE)

      Value  Global
   --------  --------------------------------
  0C:FFFFFF00    s_BSEG
  0C:0000    l_BIT_BANK
  0C:0000    l_BSEG
  0C:0000    l_BSEG_BYTES
  0C:0000    l_CABS
  0C:0000    l_CONST
  0C:0000    l_GSINIT1
  0C:0000    l_GSINIT5
  0C:0000    l_IABS
  0C:0000    l_ISEG
  0C:0000    l_OSEG
  0C:0000    l_PSEG
  0C:0000    l_REG_BANK_1
  0C:0000    l_REG_BANK_2
  0C:0000    l_REG_BANK_3
  0C:0000    l_RSEG
  0C:0000    l_XABS
  0C:0000    l_XINIT
  0C:0000    l_XISEG
  0C:0000    l_XSEG
  0C:0000    l__CODE
  0C:0000    s_BSEG_BYTES
  0C:0000    s_CABS
  0C:0000    s_DSEG
  0C:0000    s_HOME
  0C:0000    s_IABS
  0C:0000    s_ISEG
  0C:0000    s_PSEG
  0C:0000    s_REG_BANK_0
  0C:0000    s_XABS
  0C:0000    s_XISEG
  0C:0000    s_XSEG
  0C:0003    l_GSFINAL
  0C:0003    l_GSINIT0
  0C:0008    l_HOME
  0C:0008    l_REG_BANK_0
  0C:0008    s_GSINIT0
  0C:0008    s_REG_BANK_1
  0C:000A    l_GSINIT2
  0C:000B    s_GSINIT1
  0C:000B    s_GSINIT2
  0C:0010    s_REG_BANK_2
  0C:0015    s_GSINIT3
  0C:0018    s_BIT_BANK
  0C:0018    s_OSEG
  0C:0018    s_REG_BANK_3
  0C:0020    s_RSEG
  0C:0020    s_SSEG
  0C:0020    s__CODE
  0C:0021    l_GSINIT
  0C:0022    l_GSINIT3
  0C:002A    l_GSINIT4
  0C:0037    s_GSINIT4
  0C:0060    l_SSEG
  0C:0061    s_GSINIT
  0C:0061    s_GSINIT5
  0C:0080    l_DSEG
  0C:0080    l_IRAM
  0C:0082    s_GSFINAL
  0C:0085    s_CSEG
  0C:0100    l_CSEG
  0C:0185    s_CONST
  0C:0185    s_XINIT



Hexadecimal

Area                               Addr   Size   Decimal Bytes (Attributes)
--------------------------------   ----   ----   ------- ----- ------------
.  .ABS.                           0000   0000 =      0. bytes (ABS,CON)

      Value  Global
   --------  --------------------------------
     0080    G$P0$0$0
     0080    G$P0_0$0$0
     0080    _P0
     0080    _P0_0
     0081    G$P0_1$0$0
     0081    G$SP$0$0
     0081    _P0_1
     0081    _SP
     0082    G$DPL$0$0
     0082    G$P0_2$0$0
     0082    _DPL
     0082    _P0_2
     0083    G$DPH$0$0
     0083    G$P0_3$0$0
     0083    _DPH
     0083    _P0_3
     0084    G$P0_4$0$0
     0084    _P0_4
     0085    G$P0_5$0$0
     0085    _P0_5
     0086    G$P0_6$0$0
     0086    _P0_6
     0087    G$P0_7$0$0
     0087    G$PCON$0$0
     0087    _P0_7
     0087    _PCON
     0088    G$IT0$0$0
     0088    G$TCON$0$0
     0088    _IT0
     0088    _TCON
     0089    G$IE0$0$0
     0089    G$TMOD$0$0
     0089    _IE0
     0089    _TMOD
     008A    G$IT1$0$0
     008A    G$TL0$0$0
     008A    _IT1
     008A    _TL0
     008B    G$IE1$0$0
     008B    G$TL1$0$0
     008B    _IE1
     008B    _TL1
     008C    G$TH0$0$0
     008C    G$TR0$0$0
     008C    _TH0
     008C    _TR0
     008D    G$TF0$0$0
     008D    G$TH1$0$0
     008D    _TF0
     008D    _TH1
     008E    G$TR1$0$0
     008E    _TR1
     008F    G$TF1$0$0
     008F    _TF1
     0090    G$P1$0$0
     0090    G$P1_0$0$0
     0090    _P1
     0090    _P1_0
     0091    G$P1_1$0$0
     0091    _P1_1
     0092    G$P1_2$0$0
     0092    _P1_2
     0093    G$P1_3$0$0
     0093    _P1_3
     0094    G$P1_4$0$0
     0094    _P1_4
     0095    G$P1_5$0$0
     0095    _P1_5
     0096    G$P1_6$0$0
     0096    _P1_6
     0097    G$P1_7$0$0
     0097    _P1_7
     0098    G$RI$0$0
     0098    G$SCON$0$0
     0098    _RI
     0098    _SCON
     0099    G$SBUF$0$0
     0099    G$TI$0$0
     0099    _SBUF
     0099    _TI
     009A    G$RB8$0$0
     009A    _RB8
     009B    G$TB8$0$0
     009B    _TB8
     009C    G$REN$0$0
     009C    _REN
     009D    G$SM2$0$0
     009D    _SM2
     009E    G$SM1$0$0
     009E    _SM1
     009F    G$SM0$0$0
     009F    _SM0
     00A0    G$P2$0$0
     00A0    G$P2_0$0$0
     00A0    _P2
     00A0    _P2_0
     00A0    __XPAGE
     00A1    G$P2_1$0$0
     00A1    _P2_1
     00A2    G$P2_2$0$0
     00A2    _P2_2
     00A3    G$P2_3$0$0
     00A3    _P2_3
     00A4    G$P2_4$0$0
     00A4    _P2_4
     00A5    G$P2_5$0$0
     00A5    _P2_5
     00A6    G$P2_6$0$0
     00A6    _P2_6
     00A7    G$P2_7$0$0
     00A7    _P2_7
     00A8    G$EX0$0$0
     00A8    G$IE$0$0
     00A8    _EX0
     00A8    _IE
     00A9    G$ET0$0$0
     00A9    _ET0
     00AA    G$EX1$0$0
     00AA    _EX1
     00AB    G$ET1$0$0
     00AB    _ET1
     00AC    G$ES$0$0
     00AC    _ES
     00AF    G$EA$0$0
     00AF    _EA
     00B0    G$P3$0$0
     00B0    G$P3_0$0$0
     00B0    G$RXD$0$0
     00B0    _P3
     00B0    _P3_0
     00B0    _RXD
     00B1    G$P3_1$0$0
     00B1    G$TXD$0$0
     00B1    _P3_1
     00B1    _TXD
     00B2    G$INT0$0$0
     00B2    G$P3_2$0$0
     00B2    _INT0
     00B2    _P3_2
     00B3    G$INT1$0$0
     00B3    G$P3_3$0$0
     00B3    _INT1
     00B3    _P3_3
     00B4    G$P3_4$0$0
     00B4    G$T0$0$0
     00B4    _P3_4
     00B4    _T0
     00B5    G$P3_5$0$0
     00B5    G$T1$0$0
     00B5    _P3_5
     00B5    _T1
     00B6    G$P3_6$0$0
     00B6    G$WR$0$0
     00B6    _P3_6
     00B6    _WR
     00B7    G$P3_7$0$0
     00B7    G$RD$0$0
     00B7    _P3_7
     00B7    _RD
     00B8    G$IP$0$0
     00B8    G$PX0$0$0
     00B8    _IP
     00B8    _PX0
     00B9    G$PT0$0$0
     00B9    _PT0
     00BA    G$PX1$0$0
     00BA    _PX1
     00BB    G$PT1$0$0
     00BB    _PT1
     00BC    G$PS$0$0
     00BC    _PS
     00D0    G$P$0$0
     00D0    G$PSW$0$0
     00D0    _P
     00D0    _PSW
     00D1    G$F1$0$0
     00D1    _F1
     00D2    G$OV$0$0
     00D2    _OV
     00D3    G$RS0$0$0
     00D3    _RS0
     00D4    G$RS1$0$0
     00D4    _RS1
     00D5    G$F0$0$0
     00D5    _F0
     00D6    G$AC$0$0
     00D6    _AC
     00D7    G$CY$0$0
     00D7    _CY
     00E0    G$ACC$0$0
     00E0    _ACC
     00F0    G$B$0$0
     00F0    _B









Hexadecimal

Area                               Addr   Size   Decimal Bytes (Attributes)
--------------------------------   ----   ----   ------- ----- ------------
DSEG                               0000   0080 =    128. bytes (REL,CON)

      Value  Global
   --------  --------------------------------
     0008    G$NUMBER_OF_DIGITS$0$0
     0008    _NUMBER_OF_DIGITS
     0009    G$free_slots$0$0
     0009    _free_slots
     000A    G$MAX_SLOTS$0$0
     000A    _MAX_SLOTS
     000C    G$NUMBERS$0$0
     000C    _NUMBERS
     0016    G$cycle_delay$0$0
     0016    _cycle_delay
     001A    G$cycle_duration$0$0
     001A    _cycle_duration
     001E    Lwrite_segment$value$1$1
     001E    _write_segment_PARM_2
     001F    Lget_digit$place$1$1
     001F    _get_digit_PARM_2



Hexadecimal

Area                               Addr   Size   Decimal Bytes (Attributes)
--------------------------------   ----   ----   ------- ----- ------------
SSEG                               0020   0060 =     96. bytes (REL,OVR)

      Value  Global
   --------  --------------------------------
     0020    __start__stack





Hexadecimal

Area                               Addr   Size   Decimal Bytes (Attributes)
--------------------------------   ----   ----   ------- ----- ------------
HOME                               0000   0008 =      8. bytes (REL,CON,CODE)

      Value  Global
   --------  --------------------------------
  0C:0000    A$main$411
  0C:0003    A$main$450
  0C:0003    __sdcc_program_startup
  0C:0006    A$main$452

Hexadecimal

Area                               Addr   Size   Decimal Bytes (Attributes)
--------------------------------   ----   ----   ------- ----- ------------
GSINIT0                            0008   0003 =      3. bytes (REL,CON,CODE)

      Value  Global
   --------  --------------------------------
  0C:0008    __sdcc_gsinit_startup



Hexadecimal

Area                               Addr   Size   Decimal Bytes (Attributes)
--------------------------------   ----   ----   ------- ----- ------------
GSINIT3                            0015   0022 =     34. bytes (REL,CON,CODE)

      Value  Global
   --------  --------------------------------
  0C:0015    __mcs51_genXINIT

Hexadecimal

Area                               Addr   Size   Decimal Bytes (Attributes)
--------------------------------   ----   ----   ------- ----- ------------
GSINIT4                            0037   002A =     42. bytes (REL,CON,CODE)

      Value  Global
   --------  --------------------------------
  0C:0037    __mcs51_genRAMCLEAR
  0C:003D    __mcs51_genXRAMCLEAR


Hexadecimal

Area                               Addr   Size   Decimal Bytes (Attributes)
--------------------------------   ----   ----   ------- ----- ------------
GSINIT                             0061   0021 =     33. bytes (REL,CON,CODE)

      Value  Global
   --------  --------------------------------
  0C:0061    A$main$428
  0C:0061    C$main.c$28$1$1
  0C:0064    A$main$432
  0C:0064    C$main.c$36$1$1
  0C:0067    A$main$433
  0C:006A    A$main$434
  0C:006D    A$main$435
  0C:0070    A$main$436
  0C:0073    A$main$437
  0C:0076    A$main$438
  0C:0079    A$main$439
  0C:007C    A$main$440
  0C:007F    A$main$441

Hexadecimal

Area                               Addr   Size   Decimal Bytes (Attributes)
--------------------------------   ----   ----   ------- ----- ------------
GSFINAL                            0082   0003 =      3. bytes (REL,CON,CODE)

      Value  Global
   --------  --------------------------------
  0C:0082    A$main$443

Hexadecimal

Area                               Addr   Size   Decimal Bytes (Attributes)
--------------------------------   ----   ----   ------- ----- ------------
CSEG                               0085   0100 =    256. bytes (REL,CON,CODE)

      Value  Global
   --------  --------------------------------
  0C:0085    A$main$478
  0C:0085    C$main.c$44$0$0
  0C:0085    C$main.c$45$1$1
  0C:0085    G$init$0$0
  0C:0085    _init
  0C:0088    A$main$479
  0C:0089    A$main$480
  0C:008B    A$main$483
  0C:008B    C$main.c$47$1$1
  0C:008E    A$main$486
  0C:008E    C$main.c$49$1$1
  0C:0090    A$main$489
  0C:0090    C$main.c$50$1$1
  0C:0092    A$main$492
  0C:0092    C$main.c$52$1$1
  0C:0095    A$main$493
  0C:0096    A$main$494
  0C:0098    A$main$495
  0C:009A    A$main$496
  0C:009C    A$main$499
  0C:009C    C$main.c$53$1$1
  0C:009C    XG$init$0$0
  0C:009D    A$main$513
  0C:009D    C$main.c$61$1$1
  0C:009D    G$write_segment$0$0
  0C:009D    _write_segment
  0C:009F    A$main$516
  0C:009F    C$main.c$63$1$1
  0C:00A1    A$main$519
  0C:00A1    C$main.c$64$1$1
  0C:00A3    A$main$522
  0C:00A3    C$main.c$65$1$1
  0C:00A5    A$main$525
  0C:00A5    C$main.c$68$1$1
  0C:00A7    A$main$526
  0C:00A9    A$main$527
  0C:00AA    A$main$528
  0C:00AC    A$main$531
  0C:00AC    C$main.c$71$1$1
  0C:00AF    A$main$532
  0C:00B1    A$main$534
  0C:00B4    A$main$535
  0C:00B6    A$main$539
  0C:00B6    C$main.c$72$2$2
  0C:00B9    A$main$540
  0C:00BB    A$main$544
  0C:00BB    C$main.c$73$2$2
  0C:00BD    A$main$547
  0C:00BD    C$main.c$74$2$2
  0C:00BF    A$main$550
  0C:00BF    C$main.c$75$2$2
  0C:00C1    A$main$555
  0C:00C1    C$main.c$76$2$2
  0C:00C1    C$main.c$77$2$2
  0C:00C2    A$main$559
  0C:00C2    C$main.c$78$2$2
  0C:00C4    A$main$562
  0C:00C4    C$main.c$79$2$2
  0C:00C6    A$main$565
  0C:00C6    C$main.c$80$2$2
  0C:00C8    A$main$570
  0C:00C8    C$main.c$81$2$2
  0C:00C8    C$main.c$82$2$2
  0C:00C9    A$main$574
  0C:00C9    C$main.c$83$2$2
  0C:00CB    A$main$577
  0C:00CB    C$main.c$84$2$2
  0C:00CD    A$main$580
  0C:00CD    C$main.c$85$2$2
  0C:00CF    A$main$586
  0C:00CF    C$main.c$87$1$1
  0C:00CF    C$main.c$88$1$1
  0C:00CF    XG$write_segment$0$0
  0C:00D0    A$main$602
  0C:00D0    C$main.c$94$1$1
  0C:00D0    C$main.c$97$1$1
  0C:00D0    G$get_digit$0$0
  0C:00D0    _get_digit
  0C:00D2    A$main$603
  0C:00D4    A$main$606
  0C:00D4    C$main.c$98$2$2
  0C:00D7    A$main$607
  0C:00D8    A$main$611
  0C:00D8    C$main.c$100$1$1
  0C:00DA    A$main$612
  0C:00DD    A$main$615
  0C:00DD    C$main.c$101$2$3
  0C:00E0    A$main$620
  0C:00E0    C$main.c$103$1$1
  0C:00E0    C$main.c$104$1$1
  0C:00E0    XG$get_digit$0$0
  0C:00E1    A$main$622
  0C:00E4    A$main$623
  0C:00E5    A$main$637
  0C:00E5    C$main.c$111$1$1
  0C:00E5    G$display$0$0
  0C:00E5    _display
  0C:00E7    A$main$638
  0C:00E9    A$main$641
  0C:00EB    A$main$643
  0C:00EC    A$main$644
  0C:00ED    A$main$645
  0C:00EF    A$main$646
  0C:00F1    A$main$649
  0C:00F1    C$main.c$117$2$2
  0C:00F2    A$main$650
  0C:00F3    A$main$651
  0C:00F4    A$main$652
  0C:00F6    A$main$653
  0C:00F8    A$main$654
  0C:00FA    A$main$655
  0C:00FC    A$main$656
  0C:00FE    A$main$657
  0C:0100    A$main$658
  0C:0102    A$main$659
  0C:0105    A$main$660
  0C:0108    A$main$661
  0C:010A    A$main$662
  0C:010C    A$main$663
  0C:010E    A$main$664
  0C:0110    A$main$665
  0C:0113    A$main$666
  0C:0115    A$main$667
  0C:0117    A$main$668
  0C:0119    A$main$671
  0C:0119    C$main.c$116$1$1
  0C:011B    A$main$672
  0C:011D    A$main$676
  0C:011D    C$main.c$119$1$1
  0C:011D    XG$display$0$0
  0C:011E    A$main$690
  0C:011E    C$main.c$125$1$1
  0C:011E    C$main.c$127$1$1
  0C:011E    G$check_outgoing$0$0
  0C:011E    _check_outgoing
  0C:0121    A$main$693
  0C:0121    C$main.c$130$2$2
  0C:0123    A$main$694
  0C:0125    A$main$695
  0C:0126    A$main$696
  0C:0127    A$main$697
  0C:0129    A$main$698
  0C:012A    A$main$699
  0C:012C    A$main$700
  0C:012E    A$main$703
  0C:012E    C$main.c$131$3$3
  0C:0130    A$main$707
  0C:0130    C$main.c$134$1$1
  0C:0130    XG$check_outgoing$0$0
  0C:0131    A$main$721
  0C:0131    C$main.c$139$1$1
  0C:0131    C$main.c$140$1$1
  0C:0131    G$check_incoming$0$0
  0C:0131    _check_incoming
  0C:0134    A$main$724
  0C:0134    C$main.c$142$2$2
  0C:0136    A$main$725
  0C:0138    A$main$728
  0C:0138    C$main.c$143$3$3
  0C:013A    A$main$732
  0C:013A    C$main.c$146$1$1
  0C:013A    XG$check_incoming$0$0
  0C:013B    A$main$746
  0C:013B    C$main.c$149$1$1
  0C:013B    C$main.c$150$1$1
  0C:013B    G$main$0$0
  0C:013B    _main
  0C:013E    A$main$752
  0C:013E    C$main.c$152$1$1
  0C:013E    C$main.c$154$2$2
  0C:0141    A$main$755
  0C:0141    C$main.c$156$2$2
  0C:0144    A$main$758
  0C:0144    C$main.c$163$2$2
  0C:0145    A$main$759
  0C:0147    A$main$760
  0C:0149    A$main$761
  0C:014B    A$main$762
  0C:014D    A$main$764
  0C:014E    A$main$765
  0C:0150    A$main$766
  0C:0152    A$main$767
  0C:0154    A$main$768
  0C:0156    A$main$769
  0C:0158    A$main$770
  0C:015A    A$main$771
  0C:015C    A$main$772
  0C:015E    A$main$773
  0C:0160    A$main$774
  0C:0162    A$main$775
  0C:0163    A$main$776
  0C:0166    A$main$777
  0C:0168    A$main$778
  0C:016B    A$main$779
  0C:016D    A$main$780
  0C:0170    A$main$781
  0C:0172    A$main$782
  0C:0174    A$main$786
  0C:0174    C$main.c$165$2$2
  0C:0176    A$main$787
  0C:0178    A$main$788
  0C:017A    A$main$789
  0C:017C    A$main$790
  0C:017F    A$main$793
  0C:017F    C$main.c$167$1$1
  0C:017F    XG$main$0$0
  0C:0181    __sdcc_external_startup


ASxxxx Linker V01.75 + NoICE + SDCC Feb 1999,  page 1.

Files Linked      [ module(s) ]

main.rel        

Libraries Linked            [   object  file   ]

/usr/bin/../share/sdcc/lib/small/mcs51.lib    [     crtclear.rel ]
/usr/bin/../share/sdcc/lib/small/mcs51.lib    [     crtxinit.rel ]
/usr/bin/../share/sdcc/lib/small/mcs51.lib    [    crtxclear.rel ]
/usr/bin/../share/sdcc/lib/small/mcs51.lib    [   crtpagesfr.rel ]
/usr/bin/../share/sdcc/lib/small/mcs51.lib    [     crtstart.rel ]
/usr/bin/../share/sdcc/lib/small/libsdcc.lib    [     _startup.rel ]

ASxxxx Linker V01.75 + NoICE + SDCC Feb 1999,  page 2.

User Base Address Definitions

HOME = 0x0000
ISEG = 0x0000
BSEG = 0x0000

